g19n03:163396:163396 [0] NCCL INFO AllReduce: opCount 0 sendbuff 0x20013d000000 recvbuff 0x20013d000000 count 1 datatype 1 op 0 root 0 comm 0x200140006620 [nranks=48] stream 0x1b52c9h20nh33n09:170155:170155 [0] NCCL INFO AllReduce: opCount 1 senf10n05:73733:73733 [0] NCCL INFO AllReduce: opCount 1 sendbuff 0x200105a00000 recvbuff 0x200105a00000 count 1 datatype h20nf14n11:56190:56190 [0] NCCL INFO Broadcast: opCount 2 sendbuff 0x200125600000 recvbuff 0x200125600000 count 225818880 datatype 0 op 0 root 0 comm 0x200140006620 [nranks=48] stream 0x1c44h20n13h36n09h33n09:170156:170156 [0] NCCL INFO Broadcast: opCount 3 sendbuff 0x20017d71c800 recvbuff 0x20017d71c800 count 16 datatype 0 op 0 root 0 comm 0x200140006620 [nranks=48] strh20n13:3f10n05:73736:73736 [0] NCCL INFO AllReduce: opCount 4 sendbuff 0x20017d71ca00 recvbuff 0x20017d71ca00 count 1 datatype 1 op 0 root 0 comm 0x200140006620 [nranks=48] stream 0xh20n13:311h36n09:17349:17349 [0] NCCL INFO AllReduce: opCount 5 sendbuff 0x20017d71ca00 recvbuff 0x20017d71ca00 count 1 datatype 1 op 0 root 0 comm 0x200140006620 [nranks=48] stream h20n13:3114:g19n02:21928:21928 [0] NCCL INFO AllReduce: opCount 6 sendbuff 0x20017d71ca00 recvbuff 0x20017d71ca00 count 1 datatype 1 op 0 root 0 comm 0x200140006620 [nranks=48] streah20n13:3120:3487 [0] NCCL INFO Broadcast: opCount 7 sendbuff 0x20017d753800 recvbuff 0x20017d753800 count 1232 datatype 0 op 0 root 0 comm 0x200140006620 [nranks=48] stream 0x16e5f1ce0
h20n13:3120:3487h36n09:17339:17709 [0] NCCL INFO AllReduce: opCount 8 sendbuff 0x2002e0000000 recvbuff 0x2002e0000000 count 56454720 datatype 7 op 0 root 0 comm 0x200140006620 [nranks=48] sh20n13:3115:3492 [f10n05:73734:74106 [0] NCCL INFO AllReduce: opCount 9 sendbuff 0x20030d800000 recvbuff 0x20030d800000 count 13432416 datatype 7 op 0 root 0 comm 0x200140006620 [nranks=48]h20n13:3115:3492 [0]f10n05:73734:74106 [0] NCCL INFO AllReduce: opCount a sendbuff 0x200322880000 recvbuff 0x200322880000 count 10769920 datatype 7 op 0 root 0 comm 0x200140006620 [nranks=4h20n13:3115:3492 [0] NCCL INFO AllReduce: opCount b sendbuff 0x20032b028000 recvbuff 0x20032b028000 count 10069720 datatype 7 op 0 root 0 comm 0x200140006620 [nranks=48] stream 0x1715522c0
h20n13:3115:3492 [0] NCCL INFO AllReduce: opCount c sendbuff 0x20032b028000 recvbuff 0x20032b028000 count 10221848 datatype 7 op 0 root 0 comm 0x200140006620 [nranks=48] stream 0x1715522c0
h20n13:3115:3492 [0] NCCL INFO AllReduce: opCount d sendbuff 0x20032b028000 recvbuff 0x20032b028000 count 10221848 datatype 7 op 0 root 0 comm 0x200140006620 [nranks=48] stream 0x1715522c0
h20n13:3115:3492 [0] NCCL INFO AllReduce: opCount e sendbuff 0x20021e5df800 recvbuff 0x20021e5df800 count 1738968 datatype 7 op 0 root 0 comm 0x200140006620 [nranks=48] stream 0x1715522c0
h20n13:3114:3490 [0] NCCL INFOg19n02:21929:22305 [0] NCCL INg19n03:163394:163772 [0] NCCL INFO AllReduce: opCount f sendbuff 0x20030d800000 recvbuff 0x20030d800000 count 13432416 datatype 7h20n13:3114:3490 [0] NCCL INFO Af14n11:56185:56551 [0] NCCL INFO AllReduce: opCount 10 sendbuff 0x2002e0000000 recvbuff 0x2002e0000000 count 10769920 datatype 7 op 0 root 0 comm 0x2001400066h20n13:3114:3490 [0] NCCL INFO Allf14n11:56185:56551 [0] NCCL INFO AllReduce: opCount 11 sendbuff 0x2001cd800000 recvbuff 0x2001cd800000 count 10069720 datatype 7 op 0 root 0 comm 0x20014000h20n13:3114:3490 [0] NCCL INFO AllRef14n11:56185:56551 [0] NCCL INFO AllReduce: opCount 12 sendbuff 0x200282c00000 recvbuff 0x200282c00000 count 10221848 datatype 7 op 0 root 0 comm 0x200140h20n13:3114:3490 [0] NCCL INFO AllReduf14n11:56193:56554 [0] NCCL INFO AllReduce: opCount 13 sendbuff 0x200282c00000 recvbuff 0x200282c00000 count 10221848 datatype 7 op 0 root 0 comm 0x2001h20n13:3120:3487 [0] NCCL INFO AllReducef14n11:56193:56554 [0] NCCL INFO AllReduce: opCount 14 sendbuff 0x200289c00000 recvbuff 0x200289c00000 count 1738968 datatype 7 op 0 root 0 comm 0x20h20n13:3120:3487 [0] NCCL INFO AllReduce: h20n12:68719:69089 [0] NCCL INFO AllReduce: opCount 15 sendbuff 0x2002c5100000 recvbuff 0x2002c5100000 count 13432416 datatype 7 op 0 root 0 comm 0x200140006620 [nranks=48] stream 0x17f6cdea0
h20n12:68716:69087 [0] NCCL INFO AllReduce: opCount 16 sendbuff 0x2002eaa7da00 recvbuff 0x2002eaa7da00 count 10769920 datatype 7 op 0 root 0 comm h20n13:3115:3492 [0] NCCL INFO AllReduce: opCoh20n12:68720:69090 [0] NCCL INFO AllReduce: opCount 17 sendbuff 0x2002061ec800 recvbuff 0x2002061ec800 count 10069720 datatype 7 op 0 root 0 comm 0x200140006620 [nranks=48] stream 0x186ee20b0
h20n12:68720:69090 [0] NCCL INFO AllReduce: opCount 18 sendbuff 0x2002e6cf0800 recvbuff 0x2002e6cf0800 count 10221848 datatype 7 op 0 root 0 comm 0x200140006620 [nranks=48] stream 0x186ee20b0
h20n12:68720:69090 [0] NCCL INFO AllReduce: opCount 19 sendbuff 0x2002e6cf0800 recvbuff 0x2002e6cf0800 count 10221848 datatype 7 op 0 root 0 comm 0x200140006620 [nranks=48] stream 0x186ee20b0
h20n12:68720:69090 [0] NCCL INFO AllReduce: opCount 1a sendbuff 0x200260a46800 recvbuff 0x200260a46800 count 1738968 datatype 7 op 0 rooth20n13:3117:3491 [0] NCCL INFO AllReduce: opCount 1b sf14n11:56192:56556 [0] NCCL INFO AllReduce: opCount 1b sendbuff 0x2001a0000000 recvbuff 0x2001a0000000 count 13432416 datatype 7 op 0 root 0 comm 0x200140006620 [nranks=48] stream 0x16ad576a0
f14n11:56192:56556 [0] NCCL INFO AllReduce: opCount 1c sendbuff 0x2001300a5000 recvbuff 0x2001300a5000 count 10769920 datatype 7 op 0 root 0 comm 0x200140006620 [nranks=48] stream 0x16ad576a0
g19n02:21930:22302 [0] NCCL INFO AllReduce: opCount 1d sendbuff 0x200125f99000 recvbuff 0x200125f99000 count 10069720 datatype 7 op h20n13:3117:3491 [0] NCCL INFO AllReduce: opCount 1e sendbufg19n02:21929:22305 [0] NCCL INFO AllReduce: opCount 1e sendbuff 0x200282c00000 recvbuff 0x200282c00000 count 10221848 datatype 7 oh20n13:3117:3491 [0] NCCL INFO AllReduce: opCount 1f sendbuff g19n02:21929:22305 [0] NCCL INFO AllReduce: opCount 1f sendbuff 0x20028b200000 recvbuff 0x20028b200000 count 10221848 datatype 7h20n13:3117:3491 [0] NCCL INFO AllReduce: opCount 20 sendbuff 0xg19n02:21930:22302 [0] NCCL INFO AllReduce: opCount 20 sendbuff g19n03:163397:163768 [0] NCCL INFO AllReduce: opCount 20 sendh20n13:3114:3490 [0] NCCL INFO AllReduce: opCount 21 sendbuff 0x20h36n09:17341:17706 [0] NCCL INFO AllReduce: opCount 21 sendbuff 0x20030d800000 recvbuff 0x20030d800000 count 13432416 datatype 7 op 0 root 0 comm 0x200140006620 [nranks=48] stream 0x196f81e50
h36n09:17341:17706 [0] NCCL INFO AllReduce: opCount 22 sendbuff 0x2002d5200000 recvbuff 0x2002d5200000 count 10769920 datatype 7 op 0 root 0 comm 0x200140006620 [nranks=48] stream 0x196f81e50
h36n09:17341:17706 [0] NCCL INFO AllReduce: opCount 23 sendbuff 0x2002c0a46800 recvbuff 0x2002c0a46800 count 10069720 datatype 7 op 0 root 0 comm 0x200140006620 [nranks=48] stream 0x196f81e50
h36n09:17341:17706 [0] NCCL INFO AllReduce: opCount 24 sendbuff 0x200280000000 recvbuff 0x200280000000 count 10221848 datatype 7 op 0 root 0 comm 0x200140006620 [nranks=48] stream 0x196f81e50
h36n09:17341:17706 [0] NCCL INFO AllReduce: opCount 25 sendbuff 0x2002e6705800 recvbuff 0x2002e6705800 count 10221848 datatype 7 op 0 root 0 comm 0x200140006620 [nranks=48] stream 0x196f81e50
h36n09:17341:17706 [0] NCCL INFO AllReduce: opCount 26 sendbuff 0x20019afc0000 recvbuff 0x20019afc0000 count 1738h20n13:3113:3489 [0] NCCL INFO AllReduce: opCount 27 sendbuff 0x2002e7b48000 recvbuff 0x2002e7b48000 count 13432416 datatype 7 op 0 root 0 comm 0x200140006620 [nranks=48] stream 0x15c6f91c0
h20n13:3113:3489 [0] NCCL INFO AllReduce: opCount 28 sendbuff 0x2002eae85a00 recvbuff 0x2002eae85a00 count 10769920 datatype 7 op 0 root 0 comm 0x200140006620 [nranks=48] stream 0x15c6f91c0
h20n13:3113:3489 [0] NCCL INFO AllReduce: opCount 29 sendbuff 0x200126046800 recvbuff 0x200126046800 count 10069720 datatype 7 op 0 root 0 comm 0x200140006620 [nranks=48] stream 0x15c6f91c0
h20n13:3113:3489 [0] NCCL INFO AllReduce: opCount 2a sendbuff 0x2001286b0400 recvbuff 0x2001286b0400 count 10221848 datatype 7 op 0 root 0 comm 0x200140006620 [nranks=48] stream 0x15c6f91c0
h20n13:3113:3489 [0] NCCL INFO AllReduce: opCount 2b sendbuff 0x200282c00000 recvbuff 0x200282c00000 count 10221848 datatype 7 op 0 root 0 comm 0x200140006620 [nranks=48] stream 0x15c6f91c0
h20n13:3113:3489 [0] NCCL INFO AllReduce: opCount 2c sendbuff 0x200305ead200 recvbuff 0x200305ead200 count 1738968 datatype 7 op 0 root 0 comm 0x200140006620 [nranks=48] stream 0x15c6f91c0
h20n13:3115:3492 [0] NCCL INFO AllReduce: opCount 2d sendbuff 0x2002ed800000 recvbuff 0x20h36n09:17341:17706 [0] NCCL INFO AllReduce: opCount 2d sendbuff 0x2002e8568000 recvbuff 0x2002e8568000 count 13432416 datatype 7 op 0 root 0 comm 0x200140006620 [nranks=48] stream 0x196f81e50
h36n09:17341:17706 [0] NCCL INFO AllReduce: opCount 2e sendbuff 0x2002e0000000 recvbuff 0x2002e0000000 count 10769920 datatype 7 op 0 root 0 comm 0x200140006620 [nranks=48] stream 0x196f81e50
h36n09:17341:17706 [0] NCCL INFO AllReduce: opCount 2f sendbuff 0x2002e2915800 recvbuff 0x2002e2915800 count 10069720 datatype 7 op 0 root 0 comm 0x200140006620 [nranks=48] stream 0x196f81e50
h36n09:17341:17706 [0] NCCL INFO AllReduce: opCount 30 sendbuff 0x2003036f1000 recvbuff 0x2003036f1000 count 10221848 datatype 7 op 0 root 0 comm 0x200140006620 [nranks=48] stream 0x196f81e50
h36n09:17341:17706 [0] NCCL INFO AllReduce: opCount 31 sendbuff 0x200288600000 recvbuff 0x200288600000 count 10221848 datatype 7 op 0 root 0 comm 0x200140006620 [nranks=48] stream 0x196f81e50
h36n09:17341:17706 [0] NCCL INFO AllReduce: opCount 32 sendbuff 0x20019b1c5a00 recvbuff 0h20n13:3117:3491 [0] NCCL INFO AllReduce: opCount 33 sendbuff 0x2001a3600000 recvbuff 0x2001a3600000 count 13432416 datatype 7 op 0 root 0 comm 0x200140006620 [nranks=48] stream 0x1659e2310
h20n13:3117:3491 [0] NCCL INFO AllReduce: opCount 34 sendbuff 0x2001a693da00 recvbuff 0x2001a693da00 couf14n11:56185:56551 [0] NCCL INFO AllReduce: opCount 34 sendbuff 0x2001a333da00 recvbufh20n13:3117:3491 [0] NCCL INFO AllReduce: opCount 35 sendbuff 0x20012ec63200 recvbuff 0x20012ec63200 countf14n11:56190:56555 [0] NCCL INFO AllReduce: opCount 35 sendbuff 0x2002e6e73800 recvbh20n13:3117:3491 [0] NCCL INFO AllReduce: opCount 36 sendbuff 0x2002cae00000 recvbuff 0x2002cae00000 count 1f14n11:56190:56555 [0] NCCL INFO AllReduce: opCount 36 sendbuff 0x20012a192a00 rech20n13:3117:3491 [0] NCCL INFO AllReduce: opCount 37 sendbuff 0x2002cd4fe600 recvbuff 0x2002cd4fe600 count 102f14n11:56190:56555 [0] NCCL INFO AllReduce: opCount 37 sendbuff 0x200288600000 rh20n13:3117:3491 [0] NCCL INFO AllReduce: opCount 38 sendbuff 0x2000f1fc0000 recvbuff 0x2000f1fc0000 count 17389f14n11:56185:56551 [0] NCCL INFO AllReduce: opCount 38 sendbuff 0x2000fd5c000h20n13:3120:3487 [0] NCCL INFO AllReduce: opCount 39 sendbuff 0x20030d800000 recvbuff 0x20030d800000 count 1343241h36n09:17349:17707 [0] NCCL INFO AllReduce: opCount 39 sendbuff 0x2003085680h20n13:3120:3487 [0] NCCL INFO AllReduce: opCount 3a sendbuff 0x200311f7da00 recvbuff 0x200311f7da00 count 10769920 f14n11:56184:56552 [0] NCCL INFO AllReduce: opCount 3a sendbuff 0x2002dc7ah20n13:3120:3487 [0] NCCL INFO AllReduce: opCount 3b sendbuff 0x2002c6a79a00 recvbuff 0x2002c6a79a00 count 10069720 daf14n11:56192:56556 [0] NCCL INFO AllReduce: opCount 3b sendbuff 0x2002e4h20n13:3120:3487 [0] NCCL INFO AllReduce: opCount 3c sendbuff 0x2001fa563600 recvbuff 0x2001fa563600 count 10221848 datatype 7 op 0 root 0 comm 0x200140006620 [nranks=48] stream 0x16e5f1ce0
h20n13:3120:3487 [0] NCCL INFO AllReduce: opCount 3d sendbuff 0x200210200000 recvbuff 0x200210200000 count 10221848 datatype 7 op 0 root 0 comm 0x200140006620 [nranks=48] stream 0x16e5f1ce0
h20n13:3120:3487 [0] NCCL INFO AllReduce: opCount 3e sendbuff 0x20021e1c0000 recvbuff 0x20021e1c0000 count 1738968 datatype h36n09:17349:17707 [0] NCCL INFO AllReduce: opCount 3e sendbuff 0h20n13:3116:3488 [0] NCCL INFO AllReduce: opCount 3f sendbuff 0x2001a0000000 recvbuff 0x2001a0000000 count 13432416 datatype 7h20n12:68721:69091 [0] NCCL INFO AllReduce: opCount 3f sendbuff 0x2001a0000000 recvbuff 0x2001a0000000 count 13432416 datatype 7 op 0 root 0 comm 0x200140006620 [nranks=48] stream 0x1992fa950
f10n05:73734:74106 [0] NCCL INFO AllReduce: opCount 40 sendbufh20n13:3114:3490 [0] NCCL INFO AllReduce: opCount 41 sendbuff 0x20028b200000 recvbuff 0x20028b200000 count 10069720 datatype 7 op f10n05:73734:74106 [0] NCCL INFO AllReduce: opCount 41 sendbh20n13:3114:3490 [0] NCCL INFO AllReduce: opCount 42 sendbuff 0x2002ea6dd400 recvbuff 0x2002ea6dd400 count 10221848 datatype 7 op 0 root 0 comm 0x200140006620 [nranks=48] stream 0x19edd2c60
h20n13:3114:3490 [0] NCCL INFO AllReduce: opCount 43 sendbuff 0x200282c00000 recvbuff 0x200282c00000 count 10221848 datatype 7 op 0 roh36n09:17343:17711 [0] NCCL INFO AllReduce: opCount 43 sh20n13:3114:3490 [0] NCCL INFO AllReduce: opCount 44 sendbuff 0x2000f1fc0000 rg19n03:163397:163768 [0] NCCL INFO AllReduce: opCount 43 sh20n12:68720:69090 [0] NCCL INFO AllReduce: opCount 4h20n13:3113:3489 [0] NCCL INFO AllReduce: opCount 45 sendbuff 0x2002ed800000 recvbuff 0x2002ed800000 count 13432416 datatype 7 op 0 root 0h36n09:17341:17706 [0] NCCL INFO AllReduce: opCount 45 sendbuff 0x2002ed800000 recvbuff 0x2002ed800000 count 13432416 datatype 7 op 0 root 0 comm 0x200140006620 [nranks=48] stream 0x196f81e50
h36n09:17341:17706 [0] NCCL INFO AllReduce: opCount 46 sendbuff 0x2002c7798000 recvbuff 0x2002c7798000 count 10769920 datatype 7 op 0 root 0 comm 0x200140006620 [nranks=48] stream 0x196f81e50
h36n09:17341:17706 [0] NCCL INFO AllReduce: opCount 47 sendbuff 0x2002c1b00000 recvbuff 0x2002c1b00000 count 10069720 datatype 7 op 0 root 0 comm 0x200140006620 [nranks=48] stream 0x196f81e50
h36n09:17341:17706 [0] NCCL INFO AllReduce: opCount 48 sendbuff 0x200280000000 recvbuff 0x200280000000 count 10221848 datatype 7 op 0 root 0 comm 0x200140006620 [nranks=48] stream 0x196f81e50
h36n09:17341:17706 [0] NCCL INFO AllReduce: opCount 49 sendbuff 0x2002ce4f1000 recvbuff 0x2002ce4f1000 count 10221848 datatype 7 op 0 root 0 comm 0x200140006620 [nranks=48] stream 0x196f81e50
h36n09:17341:17706 [0] NCCL INFO AllReduch20n13:3113:3489 [0] NCCL INFO AllReduce: opCount 4b sendbuff 0x2001a3600000 recvbuff 0x2001a3600000 count 13432416 datatype 7 op 0 root 0 comm 0x200140006620 [nranks=48] stream 0x15c6f91c0
h20n13:3113:3489 [0] NCCL INFO AllReduce: opCount 4c sendbuff 0x2001a693da00 recvbuff 0x2001a693da00 count 10769920 datatype 7 op 0 root 0 comm 0x200140006620 [nranks=48] stream 0x15c6f91c0
h20n13:3113:3489 [0] NCCL INFO AllReduce: opCount 4d sendbuff 0x200125f99000 recvbuff 0x200125f99000 count 10069720 datatype 7 op 0 root 0 comm 0x200140006620 [nranks=48] stream 0x15c6f91c0
h20n13:3113:3489 [0] NCCL INFO AllReduce: opCount 4e sendbuff 0x200326cf0800 recvbuff 0x200326cf0800 count 10221848 datatype 7 op 0 root 0 comm 0x200140006620 [nranks=48] stream 0x15c6f91c0
h20n13:3113:3489 [0] NCCL INFO AllReduce: opCount 4f sendbuff 0x2001a3600000 recvbuff 0x2001a3600000 count 10221848 datatype 7 op 0 root 0 comm 0x200140006620 [nranks=48] stream 0x15c6f91c0
h20n13:3113:3489 [0] NCCL INFO AllReduce: opCount 50 sendbuff 0x200128602c00 recvbuff 0x200128602c00 count 1738968 datatype 7 op 0 root 0 comm 0x200140006620 [nranks=48] stream 0x15c6f91c0
h20n13:3113:3489 [0] NCCL INFO AllReduce: opCount 51 sendbuff 0x2002ed800000 recvbuff 0x2002ed800000 count 13432416 datatype 7 op 0 root 0 comm 0x200140006620 [nranks=48] stream 0x15c6f91c0
h20n13:3113:3489 [0] NCCL INFO AllReduce: opCount 52 sendbuff 0x2002eaa0c000 recvbuff 0x2002eaa0c000 count 10769920 datatype 7 op 0 root 0 comm 0x200140006620 [nranks=48] stream 0x15c6f91c0
h20n13:3113:3489 [0] NCCL INFO AllReduce: opCount 53 sendbuff 0x2002e3274000 recvbuff 0x2002e3274000 count 10069720 datatype 7 op 0 root 0 comm 0x200140006620 [nranks=48] stream 0x15c6f91c0
h20n13:3113:3489 [0] NCCL INFO AllReduce: opCount 54 sendbuff 0x2002a1a00000 recvbuff 0x2002a1a00000 count 10221848 datatype 7 op 0 root 0 comm 0x200140006620 [nranks=48] stream 0x15c6f91c0
h20n13:3113:3489 [0] NCCL INFO AllReduce: opCount 55 sendbuff 0x200297600000 recvbuff 0x200297600000 count 10221848 datatype 7 op 0 root 0 comm 0x200140006620 [nranks=48] stream 0x15c6f91c0
h20n13:3113:3489 [0] NCCL INFO AllReduce: opCount 56 sendbuff 0x2002ded14000 recvbuff 0x2002ded14000 count 1738968 datatype 7 op 0 root 0 comm 0x200140006620 [nranks=48] stream 0x15c6f91c0
h20n13:3115:3492 [0] NCCL INFO AllReduce: opCount 57 sendbuff 0x2002e90a8000 recvbuff 0x2002e90a8000 count 13432416 datatype 7 op 0 root 0 comm 0x200140006620 [nranks=48] strh20n12:68719:69089 [0] NCCL INFO AllReduce: opCount 57 sendbuff 0x2001a0000000 recvbuff 0x2001a0000000 count 13432416 datatype 7 op 0 root 0 comm 0x200140006620 [nranks=48] stream 0x17f6cdea0
h20n12:68719:69089 [0] NCCL INFO AllReduce: opCount 58 sendbuff 0x2002d2598000 recvbuff 0x2002d2598000 count 10769920 datatype 7 op 0 root 0 comm 0x200140006620 [nranks=48] stream 0x17f6cdea0
h20n12:68719:69089 [0] NCCL INFO AllReduce: opCount 59 sendbuff 0x20012d792a00 recvbuff 0x20012d792a00 count 10069720 datatype 7 op 0 root 0 comm 0x200140006620 [nranks=48] stream 0x17f6cdea0
h20n12:68719:69089 [0] NCCL INFO AllReduce: opCount 5a sendbuff 0x20012fdfc600 recvbuff 0x20012fdfc600 count 10221848 datatype 7 op 0 root 0 comm 0x200140006620 [nranks=48] stream 0x17f6cdea0
h20n12:68719:69089 [0] NCCL INFO AllReduce: opCount 5b sendbuff 0x200284000000 recvbuff 0x200284000000 count 10221848 datatype 7 op 0 root 0 comm 0x200140006620 [nranks=48] stream 0x17f6cdea0
h20n1h20n13:3117:3491 [0] NCCL INFO AllReduce: opCount 5d sendbuff 0x2003089e8000 recvbuff 0x2003089e8000 count 13432416 datatype 7 op 0 root 0 comm 0x200140006620 [nranks=48] stream 0x1659e2g19nh20n13:3117:3491 [0] NCCL INFO AllReduce: opCount 5e sendbuff 0x200300000000 recvbuff 0x200300000000 count 10769920 datatype 7 op 0 root 0 comm 0x200140006620 [nranks=48] stream 0x1659e231g1h20n13:3117:3491 [0] NCCL INFO AllReduce: opCount 5f sendbuff 0x200282c00000 recvbuff 0x200282c00000 count 10069720 datatype 7 op 0 root 0 comm 0x200140006620 [nranks=48] stream 0x1659e2310
h20n13:3117:3491 [0] NCCL INFO AllReduce: opCount 60 sendbuff 0x2001f7c00000 recvbuff 0x2001f7c00000 count 10221848 datatype 7 op 0 root 0 comm 0x200140006620 [nranks=48] stream 0x1659e2310
h20n13:3117:3491 [0] NCCL INFO AllReduce: opCount 61 sendbuff 0x2002e81a5800 recvbuff 0x2002e81a5800 count 10221848 datatype 7 op 0 root 0 comm 0x200140006620 [nranks=48] stream 0x1659e2310
h20n13:3117:3491 [0] NCCL INFO AllReduce: opCount 62 sendbuff 0x2002a41bc200 recvbuff 0x2002a41bc200 count 1738968 datatype 7 op 0 root 0 comm 0x200140006620 [nranks=48] stream 0x1659e2310
h20n13:3114:3490 [0] NCCL INFO AllReduce: opCount 63 sendbuff 0x2001a0000000 recvbuff 0x2001a0000000 count 13432416 datatype 7 op 0 root 0 comm 0x200140006620 [nranks=48] stream 0x19edd2c60
h20n13:3h20n12:68719:69089 [0] NCCL INFO AllReduce: opCount 63 sendbuff 0x2003090a8000 recvbuff 0x2003090a8000 count 13432416 datatype 7 op 0 root 0 comm 0x200140006620 [nranks=48] stream 0x17f6cdea0
h20n12:68719:69089 [0] NCCL INFO AllReduce: opCount 64 sendbuff 0x200300000000 recvbuff 0x200300000000 count 10769920 datatype 7 op 0 root 0 comm 0x200140006620 [nranks=48] stream 0x17f6cdea0
h20n12:68719:69089 [0] NCCL INFO AllReduce: opCount 65 sendbuff 0x2002cfb71000 recvbuff 0x2002cfb71000 count 10069720 datatype 7 op 0 root 0 comm 0x200140006620 [nranks=48] stream 0x17f6cdea0
h20n12:68719:69089 [0] NCCL INFO AllReduce: opCount 66 sendbuff 0x2002a3e00000 recvbuff 0x2002a3e00000 count 10221848 datatype 7 op 0 root 0 comm 0x200140006620 [nranks=48] stream 0x17f6cdea0
h20n12:68719:69089 [0] NCCL INFO AllReduce: opCount 67 sendbuff 0x2002d21dac00 recvbuff 0x2002d21dac00 count 10221848 datatype 7 op 0 root 0 comm 0x200140006620 [nranks=48] h20n13:3117:3491 [0] NCCL INFO AllReduce: opCount 69 sendbuff 0x200307c68000 recvbuff 0x200307c68000 count 13432416 datatype 7 op 0 root 0 comm 0x200140006620 [nranks=48] stream 0x1659e2310
h20n13:3117:3491 [0]f14n11:56192:56556 [0] NCCL INFO AllReduce: opCount 69 sendbuff 0x200307c68000 recvbuff 0x200307c68000 count 13432416 datatype 7 op 0 root 0 comm 0x200140006620 [nranks=48] stream 0x16ad576a0
f14n11:56192:56556 [0] NCCL INFO AllReduce: opCount 6a sendbuff 0x200300000000 recvbuff 0x200300000000 count 10769920 datatype 7 op 0 root 0 comm 0x200140006620 [nranks=48] stream 0x16ad576a0
f14n11:56192:56556 [0] NCCL INFO AllReduce: opCount 6b sendbuff 0x20030afa5a00 recvbuff 0x20030afa5a00 count 10069720 datatype 7 op 0 root 0 comm 0x200140006620 [nranks=48] stream 0x16ad576a0
f14n11:56192:56556 [0] NCCL INFO AllReduce: opCount 6c sendbuff 0x2002a0000000 recvbuff 0x2002a0000000 count 10221848 datatype 7 op 0 root 0 comm 0x200140006620 [nranks=48] stream 0x16ad576a0
f14n11:56192:56556 [0] NCCL INFO AllReduce: opCount 6d sendbuff 0x200307368000 recvbuff 0x200307368000 count 10221848 datatype 7 op 0 root 0 comm 0x200140006620 h20n13:3117:3491 [0] NCCL INFO AllReduce: opCount 6f sendbuff 0x2001a3600000 recvbuff 0x2001a3600000 count 13432416 datatype 7 op 0 root 0 comm 0x200140006620 [nranks=48] stream 0x1659e2310
h20n13:3117:3491 [0] NCCL INFO Ah20n12:68719:69089 [0] NCCL INFO AllReduce: opCount 6f sendbuff 0x2001a0000000 recvbuff 0x2001a0000000 count 13432416 datatype 7 op 0 root 0 comm 0x200140006620 [nranks=48] stream 0x17f6cdea0
h20n12:68719:69089 [0] NCCL INFO AllReduce: opCount 70 sendbuff 0x200207488000 recvbuff 0x200207488000 count 10769920 datatype 7 op 0 root 0 comm 0x200140006620 [nranks=48] stream 0x17f6cdea0
h20n12:68719:69089 [0] NCCL INFO AllReduce: opCount 71 sendbuff 0x20028c600000 recvbuff 0x20028c600000 count 10069720 datatype 7 op 0 root 0 comm 0x200140h20n13:3117:3491 [0] NCCL INFO AllReduh20n12:68719:69089 [0] NCCL INFO AllReduce: opCount 72 sendbuff 0x20030aa59000 recvbuff 0x20030aa59000 count 10221848 datatype 7 op 0 root 0 comm 0x2001h20n13:3117:3491 [0] NCCL INFO AllReduceh20n12:68719:69089 [0] NCCL INFO AllReduce: opCount 73 sendbuff 0x200300000000 recvbuff 0x200300000000 count 10221848 datatype 7 op 0 root 0 comm 0x2h20n13:3113:3489 [0] NCCL INFO AllReduce: opCount 75 sendbuff 0x2002e8579a00 recvbuff 0x2002e8579a00 count 13432416 datatype 7 op 0 root 0 comm 0x200140006620 [nranks=48] stream 0x15c6f91c0
h20n13:3114:3490 [0] NCCL INFO AllReduce: opf10n05:73737:74109 [0] NCCL INFO AllReduce: opCount 75 sendbuff 0x200327c68000 recvbuff 0x200327c68000 count 13432416 datatype 7 op 0 root 0 comm 0x200140006620 [nranks=48] stream 0x1861b0580
f10n05:73737:74109 [0] NCCL INFO AllReduce: opCount 76 sendbuff 0x200320000000 recvbuff 0x200320000000 count 10769920 datatype 7 op 0 root 0 comm 0x200140006620 [nranks=48] stream 0x1861b0580
f10n05:73737:74109 [0] NCCL INFO AllReduce: opCount 77 sendbuff 0x2003027bc200 recvbuff 0x2003027bc200 count 10069720 datatype 7 op 0 root 0 comm 0x200140006620 [nranks=48] stream 0x1861b0580
f10n05:73737:74109 [0] NCCL INFO AllReduce: opCount 78 sendbuff 0x20032afa5a00 recvbuff 0x20032afa5a00 count 10221848 datatype 7 op 0 root 0 comm 0x200140006620 [nranks=48] stream 0x1861b0580
f10n05:73737:74109 [0] NCCL INFO AllReduce: opCount 79 sendbuff 0x200207950800 recvbuff 0x200207950800 count 10221848 datatype 7 op 0 rooh20n13:3120:3487 [0] NCCL INFO AllReduce: opCount 7b sendbuff 0x2002cff00000 recvbuff 0x2002cff00000 count 13432416 datatype 7 op 0 root 0 comm 0x200140006620 [nranks=48] stream 0x16e5f1ce0
h20n13:3120:3487 [0] NCCL INFO AllReduce: opCount 7c senf10n05:73735:74105 [0] NCCL INFO AllReduce: opCount 7b sendbuff 0x2001a0000000 recvbuff 0x2001a0000000 count 13432416 datatype 7 op 0 root 0 comm 0x200140006620 [nranks=48] stream 0x1b1bf3e50
f10n05:73735:74105 [0] NCCL INFO AllReduce: opCount 7c sendbuff 0x200314028000 recvbuff 0x200314028000 count 10769920 datatype 7 op 0 root 0 comm 0x200140006620 [nranks=48] stream 0x1b1bf3e50
f10n05:73735:74105 [0] NCCL INFO AllReduce: opCount 7d sendbuff 0x200317eaf800 recvbuff 0x200317eaf800 count 10069720 datatype 7 op 0 root 0 comm 0x200140006620 [nranks=48] stream 0x1b1bf3e50
f10n05:73735:74105 [0] NCCL INFO AllReduce: opCount 7e sendbuff 0x2002971bc200 recvbuff 0x2002971bc200 count 10221848 datatype 7 op 0 root 0 comm 0x200140006620 [nranks=48] stream 0x1b1bf3e50
f10n05:73735:74105 [0] NCCL INFO AllReduce: opCount 7f sendbuff 0x2002e26f9a00 recvbuff 0x2002e26f9a00 count 10221848 datatyph20n13:3116:3488 [0] NCCL INFO AllReduce: opCount 81 sendbuff 0x2002ed800000 recvbuff 0x2002ed800000 count 13432416 datatype 7 op 0 root 0 comm 0x200140006620 [nranks=48] stream 0x1b88c1ec0
h20n13:3117:3491 [0] NCCL INFO AllReduce: opCount 82 sendbuff 0x2002f10n05:73737:74109 [0] NCCL INFO AllReduce: opCount 81 sendbuff 0x200315d68000 recvbuff 0x200315d68000 count 13432416 datatype 7 op 0 root 0 comm 0x200140006620 [nranks=48] stream 0x1861b0580
f10n05:73737:74109 [0] NCCL INFO AllReduce: opCount 82 sendbuff 0x2002d9f28000 recvbuff 0x2002d9f28000 count 10769920 datatype 7 op 0 root 0 comm 0x200140006620 [nranks=48] stream 0x1861b0580
f10n05:73737:74109 [0] NCCL INFO AllReduce: opCount 83 sendbuff 0x20030aa59000 recvbuff 0x20030aa59000 count 10069720 datatype 7 op 0 root 0 comm 0x200140006620 [nranks=48] stream 0x1861b0580
f10n05:73737:74109 [0] NCCL INFO AllReduce: opCount 84 sendbuff 0x2002d5200000 recvbuff 0x2002d5200000 count 10221848 datatype 7 op 0 root 0 comm 0x200140006620 [nranks=48] stream 0x1861b0580
f10n05:73737:74109 [0] NCCL INFO AllReduce: opCount 85 sendbuff 0x200300000000 recvbuff 0x200300000000 count 1022h20n13:3113:3489 [0] NCCL INFO AllReduce: opCount 87 sendbuff 0x2001a3600000 recvbuff 0x2001a3600000 count 13432416 datatype 7 op 0 root 0 comm 0x200140006620 [nranks=48] stream 0x15c6f91c0
h20n13:3113:3489 [0] NCCL INFO AllReduce: opCount 88 sendbuff 0x2001a7d7da00 rech20n12:68719:69089 [0] NCCL INFO AllReduce: opCount 87 sendbuff 0x200315468000 recvbuff 0x200315468000 count 13432416 datatype 7 op 0 root 0 comm 0x200140006620 [nranks=48] stream 0x17f6cdea0
h20n12:68719:69089 [0] NCCL INFO AllReduce: opCount 88 sendbuff 0x20030d800000 recvbuff 0x20030d800000 count 10769920 datatype 7 op 0 root 0 comm 0x200140006620 [nranks=48] stream 0x17f6cdea0
h20n12:68719:69089 [0] NCCL INFO AllReduce: opCount 89 sendbuff 0x2003187a5a00 recvbuff 0x2003187a5a00 count 10069720 datatype 7 op 0 root 0 comm 0x200140006620 [nranks=48] stream 0x17f6cdea0
h20n12:68719:69089 [0] NCCL INFO AllReduce: opCount 8a sendbuff 0x20030aa59000 recvbuff 0x20030aa59000 count 10221848 datatype 7 op 0 root 0 comm 0x200140006620 [nranks=48] stream 0x17f6cdea0
h20n12:68719:69089 [0] NCCL INFO AllReduce: opCount 8b sendbuff 0x200310115800 recvbuff 0x20031011580h20n13:3120:3487 [0] NCCL INFO AllReduce: opCount 8d sendbuff 0x2002cf840000 recvbuff 0x2002cf840000 count 13432416 datatype 7 op 0 root 0 comm 0x200140006620 [nranks=48] stream 0x16e5f1ce0
h20n13:3120:3487 [0] NCCL INFO AllReduce: opCount 8e sendbuff 0x2002cae00000 recvbuff 0x2002cae00000 count 10769920 datatype 7 op 0 root 0 comm 0x200140006620 [nranks=48] stream 0x16e5f1ce0
h20n13:3116:3488 [0] NCCL INFO AllReduce: opCount 8f sendbuff 0x200294a00000 recvbuff 0x200294a00000 count 10069720 datatype 7 op 0 root 0 comm 0x200140006620 [nranks=48] stream 0x1b88c1ec0
h20n13:3116:3488 [0] NCCL INFO AllReduce: opCount 90 sendbuff 0x200297069c00 recvbuff 0x200297069c00 count 10221848 datatype 7 op 0 root 0 comm 0x200140006620 [nranks=48] stream 0x1b88c1ec0
h20n13:3116:3488 [0] NCCL INFO AllReduce: opCount 91 sendbuff 0x20020751e800 recvbuff 0x20020751e800 count 10221848 datatype 7 op 0 root 0 comm 0x200140006620 [nranks=48] stream 0x1b88c1ec0
h20n13:3116:3488 [0] NCCL INFO AllReduce: opCount 92 sendbuff 0x20025ea46800 recvbuff 0x20025ea46800 count 1738968 datatype 7 op 0 root 0 comm 0x200140006620 [nranks=48] stream 0x1b88c1ec0
h20n13:3113:3489 [0] NCCL INFO AllReduce: opCount 93 sendbuff 0x2003152a0000 recvbuff 0x2003152a0000 count 13432416 datatype 7 op 0 root 0 comm 0x200140006620 [nranks=48] stream 0x15c6f91c0
h20n13:3113:3489 [0] NCCL INFO AllReduce: opCount 94 sendbuff 0x20030d800000 recvbuff 0x20030d800000 coug19n02:21929:22305 [0] NCCL INFO AllReduce: opCount 93 sendbuff 0x2001a0000000 recvbufh20n13:3117:3491 [0] NCCL INFO AllReduce: opCount 95 sendbuff 0x2002ea80d200 recvbuff 0x2002ea80d200 count 10069720 datatype 7 op 0 root 0 comm 0x200140006620 [nranks=48] stream 0x1659e2310
h20n13:3117:3491 [0] NCCL INFO AllReduce: opCount 96 sendbuff 0x2002d128d000 recvbuff 0x2002d128d000 count 10221848 datatype 7 op 0 root 0 comm 0x200140006620 [nranks=48] stream 0x1659e2310
h20n13:3117:3491 [0] NCCL INFO AllReduce: opCount 97 sendbuff 0x20028b200000 recvbuff 0x20028b200000 count 10221848 datatype 7 op 0 root 0 comm 0x200140006620 [nranks=48] stream 0x1659e2310
h20n13:3113:3489 [0] NCCL INFO AllReduce: opCount 98 sendbuff 0x20028f980000 recvbuff 0x20028f980000 count 1738968 datatype 7 op 0 root 0 comm 0x200140006620 [nranks=48] stream 0x15c6f91c0
h20n13:3115:3492 [0] NCCL INFO AllReduce: opCount 99 sendbuff 0x200314f40000 recvbuff 0x200314f40000 count 13432416 datatype 7 op 0 root 0 comm 0x200140006620 [nranks=48] stream 0x1715522c0
h20n13:3115:3492 [0] NCCL INFO AllReduce: opCount 9a sendbuff 0x20030d800000 recvbuff 0x20030d800000 count 10769920 f10n05:73735:74105 [0] NCCL INFO AllReduce: opCount 99 sendbuff 0x200314f4h20n13:3114:3490 [0] NCCL INFO AllReduce: opCount 9b sendbuff 0x20020a600000 recvbuff 0x20020a600000 count 10069720 daf10n05:73735:74105 [0] NCCL INFO AllReduce: opCount 9a sendbuff 0x20030dh20n13:3114:3490 [0] NCCL INFO AllReduce: opCount 9c sendbuff 0x200300000000 recvbuff 0x200300000000 count 10221848 datatype 7 op 0 root 0 comm 0x200140006620 [nranks=48] stream 0x19edd2c60
h20n13:3114:3490 [0] NCCL INFO AllReduce: opCount 9d sendbuff 0x2003026fe600 recvbuff 0x2003026fe600 count 10221848 datatype 7 op 0 root 0 comm 0x200140006620 [nranks=48] stream 0x19edd2c60
h20n13:3114:3490 [0] NCCL INFO AllReduce: opCount 9e sendbuff 0x20023a200000 recvbuff 0x20023a200000 count 1738968 datatype h20n12:68719:69089 [0] NCCL INFO AllReduce: opCount 9d sendbuff 0h20n13:3120:3487 [0] NCCL INFO AllReduce: opCount 9f sendbuff 0x2001a0000000 recvbuff 0x2001a0000000 count 13432416 datatype 7 op 0 root 0 comm 0x200140006620 [nranks=48] stream 0x16e5f1ce0
h20n13:3120:3487 [0] NCCL INFO AllReduce: opCount a0 sendbuff 0x200206828000 recvbuff 0x200206828000 count 10769920 datatype 7 oh20n12:68719:69089 [0] NCCL INFO AllReduce: opCount 9f sendbuff 0x200315468000 recvbuff 0x200315468000 count 13432416 datatype 7 op 0 root 0 comm 0x200140006620 [nranks=48] stream 0x17f6cdea0
h20n12:68719:69089 [0] NCCL INFO AllReduce: opCount a0 sendbuff 0x20030d800000 recvbuff 0x20030d800000 count 10769920 datatype 7 op 0 root 0 comm 0x200140006620 [nranks=48] stream 0x17f6cdea0
h20n12:68719:69089 [0] NCCL INFO AllReduce: opCount a1 sendbuff 0x2003187a5a00 recvbuff 0x2003187a5a00 count 10069720 datatype 7 op 0 root 0 comm 0x200140006620 [nranks=48] stream 0x17f6cdea0
h20n12:68719:69089 [0] NCCL INFO AllReduce: opCount a2 sendbuff 0x2002e8051000 recvbuff 0x2002e8051000 count 10221848 datatype 7 op 0 root 0 comm 0x200140006620 [nranks=48] stream 0x17f6cdea0
h20n12:68719:69089 [0] NCCL INFO AllReduce: opCount ah20n13:3120:3487 [0] NCCL INFO AllReduce: opCount a5 sendbuff 0x2002ed800000 recvbuff 0x2002ed800000 count 13432416 datatype 7 op 0 root 0 comm 0x200140006620 [nranks=48] stream 0x16e5f1ce0
h20n13:3116:3488 [0] NCCL INFO AllReduce: opCount a6 sendbuff 0x2002e7ea8000 recvbuff 0x2002e7ea8000 count 10769920 datatype 7 op 0 root 0 ch20n12:68721:69091 [0] NCCL INFO AllReduce: opCount a5 sendbuff 0x2002ed800000 recvbuff 0x2002ed800000 count 13432416 datatype 7 op 0 root 0 comm 0x200140006620 [nranks=48] stream 0x1992fa950
h20n12:68721:69091 [0] NCCL INFO AllReduce: opCount a6 sendbuff 0x2002e7ea8000 recvbuff 0x2002e7ea8000 count 10769920 datatype 7 op 0 root 0 comm 0x200140006620 [nranks=48] stream 0x1992fa950
h20n12:68721:69091 [0] NCCL INFO AllReduce: opCount a7 sendbuff 0x2002ea7bd800 recvbuff 0x2002ea7bd800 count 10069720 datatype 7 op 0 root 0 comm 0x200140006620 [nranks=48] stream 0x1992fa950
h20n12:68721:69091 [0] NCCL INFO AllReduce: opCount a8 sendbuff 0x200294a00000 recvbuff 0x200294a00000 count 10221848 datatype 7 op 0 root 0 comm 0x200140006620 [nranks=48] stream 0x1992fa950
h20n12:68721:69091 [0] NCCL INFO AllReduch20n13:3114:3490 [0] NCCL INFO AllReduce: opCount ab sendbuff 0x2001a0000000 recvbuff 0x2001a0000000 count 13432416 datatype 7 op 0 root 0 comm 0x200140006620 [nranks=48] stream 0x19edd2c60
h20n13:3117:3491 [0] NCCL INFO AllReduce: opCount ac sendbuff 0x20030d800000 recvbuff 0x20030d800000 count 10769920 datatype 7 op 0 root 0 comm 0x200140f10n05:73735:74105 [0] NCCL INFO AllReduce: opCount ab sendbuff 0x2001a0000000 recvbuff 0x2001a0000000 count 13432416 datatype 7 op 0 root 0 comm 0x200140006620 [nranks=48] stream 0x1b1bf3e50
f10n05:73735:74105 [0] NCCL INFO AllReduce: opCount ac sendbuff 0x2002d1818000 recvbuff 0x2002d1818000 count 10769920 datatype 7 op 0 root 0 comm 0x20g19n03:163395:163767 [0] NCCL INFO AllReduce: opCount ab sendbuff 0x200314640000 recvbuff 0x200314640000 count 13432416 datatype 7 op 0 root 0 comm 0x200140006620 [nranks=48] stream 0x174506c70
g19n03:163395:163767 [0] NCCL INFO AllReduce: opCount ac sendbuff 0x20030d800000 recvbuff 0x20030d800000 count 10769920 datatype 7 op 0 root 0 comm 0x200140006620 [nranks=48] stream 0x174506c70
g19n03:163395:163767 [0] NCCL INFO AllReduce: opCount ad sendbuff 0h20n13:3113:3489 [0] NCCL INFO AllReduce: opCount b1 sendbuff 0x2003075a8000 recvbuff 0x2003075a8000 count 13432416 datatype 7 op 0 root 0 comm 0x200140006620 [nranks=48] stream 0x15c6f91c0
h20n13:3113:3489 [0] NCCL INFO AllReduce: opCount b2 sendbuff 0x20030a8e5a00 recvbuff 0x20030a8e5a00 count 10769920 datatype 7 op 0 root 0 comm 0x200140006620 [nranf14n11:56193:56554 [0] NCCL INFO AllReduce: opCount b1 sendbuff 0x20012fa05a00 recvbuff 0x20012fa05a00 count 13432416 datatype 7 op 0 root 0 comm 0x200140006620 [nranks=48] stream 0x1abd82360
f14n11:56193:56554 [0] Nh20n13:3113:3489 [0] NCCL INFO AllReduce: opCount b4 sendbuff 0x200207410c00 recvbuff 0x200207410c00 count 10221848 datatype 7 op 0 root 0g19n03:163393:163770 [0] NCCL INFO AllReduce: opCount b1 sendbuff 0x2001a0000000 recvbuff 0x2001a0000000 count 13432416 datatype 7 op 0 root 0 comm 0x200140006620 [nranks=48] stream 0x19aa059f0
g19n03:163393:163770 [0] NCCL INFO AllReduce: opCount b2 sendbuff 0x2002d23a8000 recvbuff 0x2002d23a8000 count 10769920 datatype 7 op 0 root 0 comm 0x200140006620 [nranks=48] stream 0x19aa059f0
g19n03:163393:163770 [0] NCCL INFO AllReduch20n13:3116:3488 [0] NCCL INFO AllReduce: opCount b7 sendbuff 0x2001a0000000 recvbuff 0x2001a0000000 count 13432416 datatype 7 op 0 root 0 comm 0x200140006620 [nranks=48] stream 0x1b88c1ec0
h20n13:3116:3488 [0] NCCL INFO AllReduce: opCount b8 sendbuff 0x2002dbc18000 recvbuff 0x2002dbc18000 count 10769920 datatype 7 op 0 root 0 comm 0x200140006620 [nranks=48] streaf10n05:73737:74109 [0] NCCL INFO AllReduce: opCount b7 sendbuff 0x20012f465a00 recvbuff 0x20012f465a00 count 13432416 datatype 7 op 0 root 0 comm 0x200140006620 [nranks=48] stream 0x1861b0580
f10n05:73737:74109 [0] NCCL INFO AllReduce: opCount b8 sendbuff 0x20012be65a00 recvbuff 0x20012be65a00 count 10769920 datatype 7 op 0 root 0 comm 0x200140006620 [nranks=48] stream 0x1861b0580
f10n05:73737:74109 [0] NCCL INFO AllReduce: opCount b9 sendbuff 0x200297600000 recvbuff 0x200297600000 count 10069720 datatype 7 op 0 root 0 comm 0x200140006620 [nranks=48] stream 0x1861b0580
f10n05:73737:74109 [0] NCCL INFO AllReduce: opCount ba sendbuff 0x20020cdbc200 recvbuff 0x20020cdbc200 count 10221848 datatype 7 op 0 root 0 comm 0x200140006620 [nranks=48] stream 0x1861b0580
f10n0h20n13:3117:3491 [0] NCCL INFO AllReduce: opCount bd sendbuff 0x200206660000 recvbuff 0x200206660000 count 13432416 datatype 7 op 0 root 0 comm 0x200140006620 [nranks=48] stream 0x1659e2310
h20n13:3117:3491 [0] NCCL INFO AllReduce: opCount be sendbuff 0x200203060000 recvbuff 0x200203060000 count 10769920 datatype 7 op 0 root 0 comm 0x200140006620 [nranks=48] stream 0x1659e2310
h20n13:3117:3491 [0] NCCL INFO AllReduce: opCount bf sendbuff 0x20012ef7c400 recvbuff 0x20012ef7c400 count 10069720 datatype 7 op 0 root 0 comm 0x200140006620 [nranks=48] stream 0x1659e2310
h20n13:3117:3491 [0] NCCL INFO AllReduce: opCount c0 sendbuff 0x20030d800000 recvbuff 0x20030d800000 count 10221848 datatype 7 op 0 root 0 comm 0x200140006620 [nranks=48] stream 0x1659e2g19n03:163393:163770 [0] NCCL INFO AllReduce: opCount bd sendbuff 0x2001a0000000 recvbuff 0x2001a0000000 count 13432416 datatype 7 op 0 root 0 comm 0x200140006620 [nranks=48] stream 0x19aa059f0
h20n13:3117:3491 [0] NCCL INFO AllReduce: opCount c2 sendbuff 0x200205975800 recvbuff 0x200205975800 count 1738968 datatype 7 op 0 root 0 comm 0x200140006620 [nranks=48] stream 0x1659e2310
h20n13:3115:3492 [0] NCCL INFO AllReduce: opCount c3 sendbuff 0x200314da8000 recvbuff 0x200314da8000 count 13432416 datatype 7 op 0 root 0 comm 0x200140006620 [nranks=48] stream 0x1715522c0
h20n13:3120:3487 [0] NCCL INFO AllReduce: opCount c4 sendbuff 0x200300000000 recvbuff 0x200300000000 count 10769920 datatype 7 op 0 root 0 comm 0x200140006620 [nranks=48] stream 0x16e5f1ce0
h20n13:3120:3487 [0] NCCL INFO AllReduce: opCount c5 sendbuff 0x20029a800000 recvbuff 0x20029a800000 count 10069720 datatype 7 op 0 root 0 comm 0x200140006620 [nranks=48] stream 0x16e5f1ce0
h20n13:3120:3487 [0] NCCL INFO AllReduce: opCount c6 sendbuff 0x200130554a00 recvbuff 0x200130554a00 count 10221848 datatype 7 op 0 root 0 comm 0x200140006620 [nranks=48] stream 0x16e5f1ce0
h20n13:3115:3492 [0] NCCL INFO AllReduce: opCount c7 sendbuff 0x20020a600000 recvbuff 0x20020a600000 count 10221848 datatype 7 op 0 root 0 comm 0x200140006620 [nranks=48] stream 0x1715522c0
h20n13:3115:3492 [0] NCCL INFO AllReduce: opCount c8 sendbuff 0x20021e440000 recvbuff 0x20021e440000 count 1738968 datatype 7 op 0 root 0 comm 0x200140006620 [nranks=48] stream 0x1715522c0
h20n13:3114:3490 [0] NCCL INFO AllReduce: opCount c9 sendbuff 0x2002c5100000 recvbuff 0x2002c5100000 count 13432416 datatype 7 op 0 root 0 comm 0x200140006620 [nranks=48] stream 0x19edd2c60
h20n13:3114:3490 [0] NCCL INFO AllReduce: opCount ca sendbuff 0x2002c843da00 recvbuff 0x2002c843da00 count 10769920 datatype 7 op 0 root 0 comm 0x200140006620 [nranks=48] stream 0x19edd2c60
h20n13:3114:3490 [0] NCCL INFO AllReduce: opCount cb sendbuff 0x200206b85800 recvbuff 0x200206b85800 count 10069720 datatype 7 op 0 root 0 comm 0x200140006620 [nranks=48] stream 0x19edd2c60
h20n13:3114:3490 [0] NCCL INFO AllReduce: opCount cc sendbuff 0x200299dbc200 recvbuff 0x200299dbc200 count 10221848 datatype 7 op 0 root 0 comm 0x200140006620 [nranks=48] stream 0x19edd2c60
h20n13:3114:3490 [0] NCCL INFO AllReduce: opg19n03:163397:163768 [0] NCCL INFO AllReduce: opCount c9 sendbuff 0x200320000000 recvbuff 0x200320000000 count 13432416 datatype 7 op 0 root 0 comh20n13:3114:3490 [0] NCCL INFO AllReduce: opCount ce sendbuff 0x20021e440000 recvbuff 0x20021e440000 count 1738968 datatype 7 op 0 root 0 comm 0x200140006620 [nranks=48] stream 0x19edd2c60
h20n13:3113:3489 [0] NCCL INFO AllReduce: opCount cf sendbuff 0x2001a3600000 recvbuff 0x2001a3600000 count 13432416 datatype 7 op 0 root 0 comm 0x200140006620 [nranks=48] stream 0x15c6f91c0
h20n13:3113:3489 [0] NCCL INFO AllReduce: opCount d0 sendbuff 0x2001a7d7da00 recvbuff 0x2001a7d7da00 count 10769920 datatype 7 op 0 root 0 comm 0x200140006620 [nranks=48] stream 0x15c6f91c0
h20n13:3113:3489 [0] NCCL INFO Allh20n12:68719:69089 [0] NCCL INFO AllReduce: opCount cf sendbuff 0x2001a0000000 recvbuff 0x2001a0000000 count 13432416 datatype 7 op 0 root 0 comm 0x200140006620 [nranks=48] stream 0x17f6cdea0
h20n12:68719:69089 [0] NCCL INFO AllReduce: opCount d0 sendbuff 0x2001a333da00 recvbuff 0x2001a333da00 count 10769920 datatype 7 op 0 root 0 comm 0x200140006620 [nranks=48] stream 0x17f6cdea0
h20n12:68719:69089 [0] NCCL INFO AllReduce: opCount d1 sendbuff 0x20030b049800 recvbuff 0x20030b049800 count 10069720 datatype 7 op 0 root 0 comm 0x200140006620 [nranks=48] stream 0x17f6cdea0
h20n12:68719:69089 [0] NCCL INFO AllReduce: opCount d2 sendbuff 0x20020630e800 recvbuff 0x20020630e800 count 10221848 datatype 7 op 0 root 0 comm 0x2h20n13:3117:3491 [0] NCCL INFO AllReduce: opCount d5 sendbuff 0x2002ed800000 recvbuff 0x2002ed800000 count 13432416 datatype 7 op 0 root 0 comm 0x200140006620 [nranks=48] stream 0x1659e2310
h20n13:3117:3491 [0] NCCL INFO AllReduce: opCount d6 sendbuff 0x2002f0b3da00 recvbuff 0x2002f0b3da00 count 10769920 datatype 7 op 0 root 0 comm 0x200140006620 [nranks=48] stream 0x1659e2310
h20n13:3117:3491 [0] NCCL INFO AllReduce: opCount d7 sendbuff 0x20012cfff400 recvbuff 0x20012cfff400 count 10069720 datatype 7 op 0 root 0 comm 0x200140006620 [nranks=48] stream 0x1659e2310
h20n13:3117:3491 [0] NCCL INFO AllReduce: opCount d8 sendbuff 0x20012f669000 recvbuff 0x20012f669000 count 10221848 datatype 7 op 0 root 0 comm 0x200140006620 [nranks=48] stream 0x1659e2310
h20n13:3117:3491 [0] NCCL INFO AllReduce: opCount d9 sendbuff 0x200306bd5800 recvbuff 0x200306bd5800 count 10221848 datatype 7 op 0 root 0 comm 0x200140006620 [nranks=48] stream 0x1659e2310
h20n13:3117:3491 [0] NCCL INFO AllReduce: opCount da sendbuff 0x20022d0c0000 recvbuff 0x20022d0c0000 count 1738968 datatype 7 op 0 root 0 comm 0x200140006620 [nranks=48] stream 0x1659e2310
h20n13:3117:3491 [0] NCCL INFO AllReduce: opCount db sendbuff 0x2001a3600000 recvbuff 0x2001a3600000 count 13432416 datatype 7 op 0 root 0 comm 0x200140006620 [nranks=48] stream 0x1659e2310
h20n13:3117:3491 [0] NCCL INFO AllReduce: opCount dc sendbuff 0x2001a693da00 recvbuff 0x2001a693da00 count 10769920 datatype 7 op 0 root 0 comm 0x200140006620 [nranks=48] stream 0x1659e2310
h20n13:3117:3491 [0] NCCL INFO AllReduce: opCount dd sendbf10n05:73736:74104 [0] NCCL INFO AllReduce: opCount db sendbuff 0x200320000000 recvbuff 0x200320000000 count 13432416 datatype 7 op 0 root 0 comm 0x200140006620 [nranks=48] stream 0x190ab26f0
f10n05:73736:74104 [0] NCCL INFO AllReduce: opCount dc sendbuff 0x20032333da00 recvbuff 0x20032333da00 count 10769920 datatype 7 op 0 root 0 comm 0x200140006620 [nranks=48] stream 0x190ab26f0
f10n05:73736:74104 [0] NCCL INFO AllReduce: opCount dd sendbuff 0x200297600000 recvbuff 0x200297600000 count 10069720 datatype 7 op 0 root 0 comm 0x200140006620 [nranks=48] stream 0x190ab26f0
f10n05:73736:74104 [0] NCCL INFO AllReduce: opCount de sendbuff 0x20020709e800 recvbuff 0x20020709e800 count 10221848 datatyph20n13:3117:3491 [0] NCCL INFO AllReduce: opCount e1 sendbuff 0x2002ed800000 recvbuff 0x2002ed800000 count 13432416 datatype 7 op 0 root 0 comm 0x200140006620 [nranks=48] stream 0x1659e2310
h20n13:3117:3491 [0] NCCL INFO AllReduce: opCount e2 sendbuff 0x2002dc998000 recvbuff 0x2002dc998000 count 10769920 datatype 7 op 0 root 0 comm 0x200140006620 [nranks=48] stream 0x1659e2310
h20n13:3117:3491 [0] NCCL INFO AllReduce: opCount e3 sendbuff 0x200306bd5800 recvbuff 0x200306bd5800 count 10069720 datatype 7 op 0 root 0 comm 0x200140006620 [nranks=48] stream 0x1659e2310
h20n13:3117:3491 [0] NCCL INFO AllReduce: opCount e4 sendbuff 0x200318288000 recvbuff 0x200318288000 count 10221848 datatype 7 op 0 root 0 comm 0x200140006620 [nranks=48] stream 0x1659e2310
h20n13:3117:3491 [0] NCCL INFO AllReduce: opCount e5 sendbuff 0x2002ea80d200 recvbuff 0x2002ea80d200 count 10221848 datatype 7 op 0 root 0 comm 0x200140006620 [nranks=48] stream 0x1659e2310
h20n13:3117:3491 [0] NCCL INFO AllReduce: opCount e6 sendbuff 0x2002ecf0b800 recvbuff 0x2002ecf0b800 count 1738968 datatype 7 op 0 root 0 comm 0x200140006620 [nranks=48] stream 0x1659e2310
h20n13:3114:3490 [0] NCCL INFO AllReduce: opCount e7 sendbuff 0x200307aa0000 recvbuff 0x200307aa0000 count 13432416 datatype 7 op 0 root 0 comm 0x200140006620 [nranks=48] stream 0x19edd2c60
h20n13:3113:3489 [0] NCCL INFO AllReduce: opCount e8 sendbuff 0x2002dbc18000 recvbuff 0x2002dbc18000 count 10769920 datatype 7 op 0 root 0 comm 0x200140006620 [nranks=48] stream 0x15c6f91c0
h20n13:3113:3489 [0] NCCL INFO AllReduce: opCount e9 sendbuff 0x2002d5f80000 recvbh20n12:68719:69089 [0] NCCL INFO AllReduce: opCount e7 sendbuff 0x2001a0000000 recvbuff 0x2001a0000000 counth20n13:3113:3489 [0] NCCL INFO AllReduce: opCount ea sendbuff 0x200299dbc200 recvbufh20n12:68719:69089 [0] NCCL INFO AllReduce: opCount e8 sendbuff 0x2002c7798000 recvbuff 0x2002c7798000 couh20n13:3113:3489 [0] NCCL INFO AllReduce: opCount eb sendbuff 0x2002a1a00000 recvbuff h20n12:68719:69089 [0] NCCL INFO AllReduce: opCount e9 sendbuff 0x2002e9383000 recvbuff 0x2002e9383000 ch20n13:3114:3490 [0] NCCL INFO AllReduce: opCount ec sendbuff 0x2002a4304000 recvbuff 0x2002a4304000 count 1738968 datatype 7 op 0 root 0 comm 0x200140006620 [nranks=48] stream 0x19edd2c60
h20n13:3114:3490 [0] NCCL INFO AllReduce: opCount ed sendbuff 0x2002ed800000 recvbuff 0x2002ed800000 count 13432416 datatype 7 op 0 root 0 comm 0x200140006620 [nranks=48] stream 0x19edd2c60
h20n13:3114:3490 [0] NCCL INFO AllReduce: opCount ee sendbuff 0x2002d1628000 recvbuff 0x2002d1628000 count 10769920 datatype 7 op 0 root 0 comm 0x200140006620 [nranks=48] stream 0x19edd2c60
h20n13:3114:3490 [0] NCCL INFO AllReduce: opCount ef sendbuff 0x2002eae0c000 recvbuff 0x2002eaf10n05:73734:74106 [0] NCCL INFO AllReduce: opCount ed sendbuff 0x2002ed800000 recvbuff 0x2002edh20n13:3114:3490 [0] NCCL INFO AllReduce: opCount f0 sendbuff 0x200282c00000 recvbuff 0x200282c00000 count 10221848 datatype 7 op 0 root 0 comm 0x200140006620 [nranks=48] stream 0x19edd2c60
h20n13:3114:3490 [0] NCCL INFO AllReduce: opCount f1 sendbuff 0x20032a69ca00 recvbuff 0x20032a69ca00 count 10221848 datatype 7 op 0 root 0 comm 0x200140006620 [nranks=48] stream 0x19edd2c60
h20n13:3116:3488 [0] NCCL INFO AllReduce: opCount f2 sendbuff 0x200299332000 recvbuff 0x200299332000 count 1738968 datatype 7 op 0 root 0 comm 0x200140006620 [nranks=48] stream 0x1b88c1ec0
h20n13:3115:3492 [0] NCCL INFO AllReduce: opCount f3 sendbuff 0x200307c68000 recvbuff 0x200307c68000 count 13432416 datatype 7 op 0 root 0 comm 0x200140006620 [nranks=48] stream 0x1715522c0
h20n13:3115:3492 [0] NCCL INFO AllReduce: opCount f4 sendbuff 0x200300000000 recvbuff 0x200300000000 count 10769920 datatype 7 op 0 root 0 comm 0x200140006620 [nranks=48] stream 0x1715522c0
h20n13:3115:3492 [0] NCCL INFO AllReduce: opCount f5 sendbuff 0x20030d800000 recvbuff 0x20030d800000 count 10069720 datatype 7 op 0 root 0 comm 0x200140006620 [nranks=48] stream 0x1715522c0
h20n13:3115:3492 [0] NCCL INFO AllReduce: opCount f6 sendbuff 0x2002971bc200 recvbuff 0x2002971bc200 count 10221848 datatype 7 op 0 root 0 comm 0x200140006620 [nranks=48] stream 0x1715522c0
h20n13:3115:3492 [0] NCCL INFO AllReduce: opCount f7 sendbuff 0x20030afa5a00 recvbuff 0x20030afa5a00 count 10221848 datatype 7 op 0 root 0 comm 0x200140006620 [nranks=48] stream 0x1715522c0
h20n13:3115:3492 [0] NCCL INFO AllReduce: opCount f8 sendbuff 0x2001303f9a00 recvbuff 0x2001303f9a00 count 1738968 datatype 7 op 0 root 0 comm 0x200140006620 [nranks=48] stream 0x1715522c0
h20n13:3117:3491 [0] NCCL INFO AllReduce: opCount f9 sendbuff 0x2002ed800000 recvbuff 0x2002ed800000 count 13432416 datatype 7 op 0 root 0 comm 0x200140006620 [nranks=48] stream 0x1659e2310
h20n13:3117:3491 [0] NCCL INFO AllReduce: opCount fa sendbuff 0x2002c7798000 recvbuff 0x2002c7798000 count 10769920 datatype 7 op 0 root 0 comm 0x200140006620 [nranks=48] stream 0x1659e2310
h20n13:3117:3491 [0] NCCL INFO AllReduce: opCount fb sendbuff 0x2002ea762800 recvbuff 0x2002ea762800 count 10069720 datatype 7 op 0 root 0 comm 0x200140006620 [nranks=48] stream 0x1659e2310
h20n13:3117:3491 [0] NCCL INFO AllReduce: opCount fc sendbuff 0x2002e8051000 recvbuff 0x2002e8051000 count 10221848 datatype 7 op 0 root 0 comm 0x200140006620 [nranks=48] stream 0x1659e2310
h20n13:3117:3491 [0] NCCL INFO AllReduce: opCount fd sendbuff 0x200200c60000 recvbuff 0x200200c60000 count 10221848 datatype 7 op 0 root 0 comm 0x200140006620 [nranks=48] stream 0x1659e2310
h20n13:3117:3491 [0] NCCL INFO AllReduce: opCount fe sendbuff 0x20022d0c0000 recvbuff 0x20022d0c0000 count 1738968 datatype 7 op 0 root 0 comm 0x200140006620 [nranks=48] stream 0x1659e2310
h20n13:3115:3492 [0] NCCL INFO AllReduce: opCount ff sendbuff 0x2001a0000000 recvbuff 0x2001a0000000 count 13432416 datatype 7 op 0 root 0 comm 0x200140006620 [nranks=48] stream 0x1715522c0
h20n13:3115:3492 [0] NCCL INFO AllReduce: opCount 100 sendbuff 0x2003174a1a00 recvbuff 0x2003174a1a00 count 10769920 datatype 7 op 0 root 0 comm 0x200140006620 [nranks=48] stream 0x1715522c0
h20n13:3115:3492 [0] NCCL INFO AllReduce: opCount 101 sendbuff 0x20020a600000 recvbuff 0x20020a600000 count 10069720 datatype 7 oh20n12:68720:69090 [0] NCCL INFO AllReduce: opCount ff sendbuff 0x2001a0000000 recvbuff 0x2001a0000000 count 13432416 datatype 7 op 0 root 0 comm 0x200140006620 [nranks=48] stream 0x186ee20b0
h20n12:68720:69090 [0] NCCL INFO AllReduce: opCount 100 sendbuff 0x200206048000 recvbuff 0x200206048000 count 10769920 datatype 7 op 0 root 0 comm 0x200140006620 [nranks=48] stream 0x186ee20b0
h20n12:68720:69090 [0] NCCL INFO AllReduce: opCount 101 sendbuff 0x2002d1c26000 recvbuff 0x2002d1c26000 count 10069720 datatype 7 op 0 root 0 comm 0x200140006620 [nranks=48] stream 0x186ee20b0
h20n12:68720:69090 [0] NCCL INFO AllReduce: opCount 102 h20n13:3113:3489 [0] NCCL INFO AllReduce: opCount 105 sendbuff 0x200317868000 recvbuff 0x200317868000 count 13432416 datatype 7 op 0 root 0 comm 0x200140006620 [nranks=48] stream 0x15c6f91c0
h20n13:3113:3489 [0] NCCL INFO AllReduce: opCount 106 sendbuff 0x2002c6a18000 recvbuff 0x2002c6a18000 count 10769920 datatype 7 op 0 root 0 comm 0x200140006620 [nranks=48] stream 0x15c6f91c0
