h18n11:171435:171575 [2] NCCL INFO AllReduce: opCount 0 sendbuff 0x200283ff3900 recvbuff 0x200283ff3900 count 4202948 datatype 7 op 0 root 0 comm 0x200084b90050 [nranks=48] stream 0x200084a199eh36n10:98362:98507 [3] NCCL INFO AllReduce: opCount 1 sendbuff 0x200283ff3900 recvbuff 0x200283ff3900 count 1394656 datatype 7 op 0 root 0 comm 0x200084d16d90 [nranks=48] stream 0x200084bd1b10
h37nh18n11:171431:171574 [4] NCCL INFO AllReduce: opCount 2 sendbuff 0x200283ff3900 recvbuff 0x200283ff3900 count 5252036 datatype 7 op 0 root 0 comm 0x200084b90050 [nranks=48] stream 0x200084ah37n05:72774:72920 [0] NCCL INFO AllReduce: opCount 3 sendbuff 0x200283ff3900 recvbuff 0x200283ff3900 count 345568 datatype 7 op 0 root 0 comm 0x200080b90530 [nranks=48] stream 0x200080a1af40
h31n15:1h37n06:125731:125930 [2] NCCL INFO AllReduce: opCount 4 sendbuff 0x200286ff3900 recvbuff 0x200286ff3900 count 5580100 datatype 7 op 0 root 0 comm 0x200080b90050 [nranks=48] stream 0x200h36n10:98362:98507 [3] NCCL INFO AllReduce: opCount 5 sendbuff 0x200283ff3900 recvbuff 0x200283ff3900 count 17504 datatype 7 op 0 root 0 comm 0x200084d16d90 [nranks=48] stream 0x200084bd1b10
h37n05:72779:72918 [4] NCCL INFO AllReduce: opCount 6 sendbuff 0x200283ff3900 recvbuff 0x200283ff3900 count 5597604 datatype 7 op 0 root 0 comm 0x200080b90050 [nranks=48] stream 0x200080a19930
h31n15:12447:1h37n06:125735:125919 [3] NCCL INFO AllReduce: opCount 7 sendbuff 0x200283ff3900 recvbuff 0x200283ff3900 count 5252036 datatype 7 op 0 root 0 comm 0x200084b90050 [nranks=48] streamh31n15:12447:126h18n11:171434:171572 [5] NCCL INFO AllReduce: opCount 8 sendbuff 0x200283ff3900 recvbuff 0x200283ff3900 count 345568 datatype 7 op 0 root 0 comm 0x200080b90050 [nranks=48] streh31n15:12454:12666h50n08:126892:127057 [1] NCCL INFO AllReduce: opCount 9 sendbuff 0x200283ff3900 recvbuff 0x200283ff3900 count 4202948 datatype 7 op 0 root 0 comm 0x200080b90050 [nranks=48] sth31n15:12447:12668 [h37n06:125726:125916 [1] NCCL INFO AllReduce: opCount a sendbuff 0x200283ff3900 recvbuff 0x200283ff3900 count 1394656 datatype 7 op 0 root 0 comm 0x200084b90050 [nranks=48] h36n10:98360:98502 [0] NCCL INFO AllReduce: opCount b sendbuff 0x200283ff3900 recvbuff 0x200283ff3900 count 5596484 datatype 7 op 0 root 0 comm 0x200080b97ce0 [nranks=48] stream 0x200080a52a40
h31n15:12447:12668 [2] Nh37n02:149993:150148 [4] NCCL INFO AllReduce: opCount c sendbuff 0x200283ff3900 recvbuff 0x200283ff3900 count 1120 datatype 7 op 0 root 0 comm 0x200084b90050 [nranks=h36n10:98362:98507 [3] NCCh18n11:171435:171575 [2] NCCL INFO AllReduce: opCount d sendbuff 0x200280005e00 recvbuff 0x200280005a00 count 4 datatype 7 op 0 root 0 comm 0x200084b90050 [nrankh31n15:12452:12669 [0] NCCL INFO AllReduce: opCount e sendbuff 0x2002a90b5200 recvbuff 0x2002a90b5200 count 5597600 datatype 7 op 0 root 0 comm 0x200080b90530 [nranks=48] stream 0x200080a1b040
h36n10:98364:98499 [2] NCCL INh37n06:125726:125916 [1] NCCL INFO AllReduce: opCount f sendbufh18n11:171428:171589 [0] NCCL INFO AllReduce: opCount f sendbuff 0x200283ff3900 recvbuff 0x200283ff3h36n10:98366:98508 [1] NCCL INFO AllReduce: opCount 10 sendbuff 0x200283ff3900 recvbuff 0x200283ff3900 count 83168 datatype 7 op 0 root 0 comm 0x200080bd6ec0 [nranks=48] stream 0x200080a91c00
h31n15:12450:12679 [1] NCCL INFO Ah50n08:126892:127057 [1] NCCL INFO AllReduce: opCount 11 sendbuff 0x200283ff3900 recvbuff 0x200283ff3900 count 5597604 datatype 7 op 0 root 0 comm 0x200080b9005h31n15:12446:12667 [5] NCCL INFO AllReduce: opCount 12 sendbuff 0x2002a90b5200 recvbuff 0x2002a90b5200 count 5514436 datatype 7 op 0 root 0 comm 0x200080b90050 [nranks=48] stream 0x200080a1a070
h36n10:98360:98502 [0] NCCL INFO AllReh37n02:149985:150136 [2] NCCL INFO AllReduce: opCount 13 sendbuff 0x200283ff3900 recvbuff 0x200283ff3900 count 83168 datatype 7 op 0 root 0 comm 0x200084bh36n10:98362:98507 [3] NCCL INFO AllReduce: opCount 14 sendbuff 0x200283ff3900 recvbuff 0x200283ff3900 count 5597604 datatype 7 op 0 root 0 comm 0x200084d16d90 [nranks=48] stream 0x200084bd1b10
h31n15:12456:12678 [3] NCCL INFO AllReduce: opCount 15 sendbuff 0x2002b4a43900 recvbuff 0x2002b4a43900 count 5597604 datatype 7 op 0 root 0 comm 0x200084b90050 [nranks=48] stream 0x200084a19cc0
h31n15:12447:12668 [2] NCCL INFO AllReduce: opCount 16 sendbuff 0x2002aaff3900 recvbuff 0x2002aaff3900 count 5597604 datatype 7 op 0 root 0 comm 0x200080b90050 [nranks=48] stream 0x200080a197b0
h36n10:98366:98508 [1] NCCL INFO AllReduce: opCount 17 sendbuff 0x200283ff3900 recvbuff 0x200283ff3900 count 5597604 datatype 7 op 0 root 0 comm 0x200080bd6ec0 [nranks=48] stream 0x200080a91c00
h31n15:12452:12669 [0] NCCL INFO AllReduce: opCoh50n08:126902:127040 [0] NCCL INFO AllReduce: opCount 18 sendbuff 0x200283ff3900 recvbuff 0x200283ff3900 count 5252036 datatype 7 op 0 root 0 commh31n15:12447:12668 [2] NCCL INFO AllReduce: opCounh37n03:115632:115783 [2] NCCL INFO AllReduce: opCount 19 sendbuff 0x200283ff3900 recvbuff 0x200283ff3900 count 345568 datatype 7 op 0 root 0 coh37n05:72776:72919 [5] NCCL INFO AllReduce: opCount h37n06:125720:125924 [0] NCCL INFO AllReduce: opCount 1a sendbuff 0x200286ff3900 recvbuff 0x200286ff3900 count 5252036 datatype 7 op 0 root 0 h37n05:72773:72916 [3] NCCL INFO AllReduce: opCount 1b sendbuff 0x200283ff3900 recvbuff 0x200283ff3900 count 345568 datatype 7 op 0 root 0 comm 0x200084b90050 [nranks=48] stream 0x200084a199b0
h31n15:12447:12668 [2] NCCL INFO AllReduce: opCount 1c sh37n03:115639:115778 [1] NCCL INFO AllReduce: opCount 1c sendbuff 0x200283ff3900 recvbuff 0x200283ff3900 count 5514180 datatype 7 op 0 rooh37n05:72779:72918 [4] NCCL INFO AllReduce: opCount 1d sendbuff 0x200283ff3900 recvbuff 0x200283ff3900 count 83424 datatype 7 op 0 root 0 comm 0x200080b90050 [nranks=48] stream 0x200080a19930
h36n10:98366:98508 [1] NCCL INFO AllReduce: opCount 1e sendbuff 0x200283ff3900 recvbuff 0x200283ff3900 count 5580100 datatype 7 op 0 root 0 comm 0x200080bd6ec0 [nranks=48] stream 0x200080a91c00
h37n05:72775:72917 [1] NCCL INFO AllReduce: opCount 1f sendbufh37n03:115638:115780 [4] NCCL INFO AllReduce: opCount 1f sendbuff 0x200283ff3900 recvbuff 0x200283ff3900 count 17504 datatype 7 oph31n15:12446:12667 [5] NCCL INFO AllReduce: opCount 20 sendbuff 0x2002a90b5200 recvbuff 0x2002a90b5200 count 5597604 datatype 7 op 0 root 0 comm 0x200080b90050 [nranks=48] stream 0x200080a1a070
h37n05:72777:72915 [2] NCCL INFO AllReduce: opCount 21 sendbuff 0xh37n06:125731:125930 [2] NCCL INFO AllReduce: opCount 21 sendbuff 0x200286ff3900 recvbuff 0x200286ff3900 count 260 datatype h37n05:72773:72916 [3] NCCL INFO AllReduce: opCount 22 sendbuff 0x20h37n03:115642:115781 [3] NCCL INFO AllReduce: opCount 22 sendbuff 0x200286ff3900 recvbuff 0x200286ff3900 count 5597344 datatyph37n05:72773:72916 [3] NCCL INFO AllReduce: opCount 23 sendbuff 0x2002h18n11:171434:171572 [5] NCCL INFO AllReduce: opCount 23 sendbuff 0x200283ff3900 recvbuff 0x200283ff3900 count 5597604 datath36n10:98368:98500 [4] NCCL INFO AllReduce: opCount 24 sendbuff 0x200283ff3900 recvbuff 0x200283ff3900 count 260 datatype 7 op 0 root 0 comm 0x200080c56c90 [nranks=48] stream 0x200080b11a20
h37n05:72774:72920 [0] NCCL INFO AllReduce: opCount 25 sendbuff 0x200283ffh50n08:126898:127039 [4] NCCL INFO AllReduce: opCount 25 sendbuff 0x200283ff3900 recvbuff 0x200283ff3900 count 5597344 dh31n15:12446:12667 [5] NCCL INFO AllReduce: opCount 26 sendbuff 0x2002a90b5200 recvbuff 0x2002a90b5200 count 5580100 datatype 7 op 0 root 0 comm 0x200080b90050 [nranks=48] stream 0x200080a1a070
h36n10:98366:98508 [1] NCCL INFO AllReduce: opCount 27 sendbuff 0x200283ff3900h37n03:115633:115779 [0] NCCL INFO AllReduce: opCount 27 sendbuff 0x200283ff3900 recvbuff 0x200283ff3900 count 175h36n10:98362:98507 [3] NCCL INFO AllReduce: opCount 28 sendbuff 0x200283ff3900 recvbuff 0x200283ff3900 count 8644 datatype 7 op 0 root 0 comm 0x200084d16d90 [nranks=48] stream 0x200084bd1b10
h31n15:12446:12667 [5] NCCL INFO AllReduce: opCount 29 sendbuff 0x2002a90b5200 recvbuff 0x2002a90b5200 count 5588960 datatype 7 op 0 root 0 comm 0x200080b90050 [nranks=48] stream 0x200080a1a070
h36n10:98362:98507 [3] NCCL INFO AllReduce: opCount 2a sendbuff 0x200283ff3900 recvbuff 0x200283ff3900 count 5597604 datatype 7 op 0 root 0 comm 0x200084d16d90 [nranks=48] stream 0x200084bd1b10
h37n05:72777:72915 [2] NCCL INFO AllReduce: opCount 2b sendbuff 0x200283ff3900 recvbufh50n08:126900:127038 [2] NCCL INFO AllReduce: opCount 2b sendbuff 0x200283ff3900 recvbuff 0x200283ff3900 couh36n10:98366:98508 [1] NCCL INFO AllReduce: opCount 2c sendbuff 0x200283ff3900 recvbuff 0x200283ff3900 count 5514436 datatype 7 op 0 root 0 comm 0x200080bd6ec0 [nranks=48] stream 0x200080a91c00
h36n10:98362:98507 [3] NCCL INFO AllReduce: opCount 2d sendbuff 0x200283ff3900 recvbuff 0x200283ff3900 count 83168 datatype 7 op 0 root 0 comm 0x200084d16d90 [nranks=48] stream 0x200084bd1b10
h37n05:72775:72917 [1] NCCL INFO AllReduce: opCount 2e sendbuff 0x200283ff3900 recvbuff 0x200283ff3900 count 5597604 datatype 7 op 0 root 0 comm 0x200084b90050 [nranks=48] stream 0x200084a19fe0
h36n10:98362:98507 [3] NCCL INFO AllReduce: opCount 2f sendbuff 0x200283ff3900 recvbuff 0x2002h37n06:125720:125924 [0] NCCL INFO AllReduce: opCount 2f sendbuff 0x200286ff3900 recvbuff 0x200286ffh36n10:98368:98500 [4] NCCL INFO AllReduce: opCount 30 sendbuff 0x200283ff3900 recvbuff 0x200283ff3900 count 1394656 datatype 7 op 0 root 0 comm 0x200080c56c90 [nranks=48] stream 0x200080b11a20
h36n10:98366:98508 [1] NCCL INFO AllReduce: opCount 31 sendbuff 0x200283ff3900 recvbuff 0x200283ffh18n11:171435:171575 [2] NCCL INFO AllReduce: opCount 31 sendbuff 0x200283ff3900 recvbuff 0x2002h36n10:98366:98508 [1] NCCL INFO AllReduce: opCount 32 sendbuff 0x200283ff3900 recvbuff 0x200283ff3900 count 5514436 datatype 7 op 0 root 0 comm 0x200080bd6ec0 [nranks=48] stream 0x200080a91c00
h37n05:72774:72920 [0] NCCL INFO AllReduce: opCount 33 sendbuff 0x200283ff3900 recvbuff 0x200283ff3900 count 83168 datatype 7 op 0 root 0 comm 0x200080b90530 [nranks=48] stream 0x200080a1af40
h37n05:72773:72916 [3] NCCL INFO AllReduce: opCount 34 sendbuff 0x200283ff3900 recvbuff 0x200283ff3900 ch18n11:171430:171573 [3] NCCL INFO AllReduce: opCount 34 sendbuff 0x200283ff3900 recvbuff h37n05:72773:72916 [3] NCCL INFO AllReduce: opCount 35 sendbuff 0x200283ff3900 recvbuff 0x200283ff3900 couh37n06:125728:125932 [5] NCCL INFO AllReduce: opCount 35 sendbuff 0x200283ff3900 recvbh37n05:72776:72919 [5] NCCL INFO AllReduce: opCount 36 sendbuff 0x200283ff3900 recvbuff 0x200283ff3900 count 5597604 datatype 7 op 0 root 0 comm 0x200080b90050 [nranks=48] stream 0x200080a199b0
h36n10:98370:98501 [5] NCCL INFO AllReduce: opCount 37 sendbuff 0x200283ff3900 recvbuff 0x200283ff3900 count 5596548 datatype 7 op 0 root 0 comm 0x200084c973a0 [nranks=48] stream 0x200084b521b0
h31n15:12452:12669 [0] NCCL INFO AllReduce: opCount 38 sendbuff 0x2002a90b5200 recvbuff 0x2002a90b5200 count 1056 datatype 7 op 0 root 0 comm 0x200080b90530 [nranks=48] stream 0x200080a1b040
h31n15:12454:12666 [4] NCCL INFO AllReduce: opCount 39 sendbuff 0x2002a90b5200 recvbuff 0x2002a90b5200 count 5597604 datatype 7 op 0 root 0 comm 0x200080b90050 [nranks=48] stream 0x200080a19aa0
h36n10:98370:98501 [5] NCCL INFO AllReduce: opCount 3a sendbuff 0x200283ff3900 recvbuff 0x200283ff3900 count 5597604h37n02:149990:150147 [5] NCCL INFO AllReduce: opCount 3a sendbuff 0x200283ff39h37n05:72777:72915 [2] NCCL INFO AllReduce: opCount 3b sendbuff 0x200283ff3900 recvbuff 0x200283ff3900 count 4202948 datatype 7 op 0 root 0 comm 0x200080b90050 [nranks=48] stream 0x200080a19830
h31n15:12447:12668 [2] NCCL INFO AllReduce: opCount 3c sendbuff 0x2002aaff3900 recvbuff 0x2002aaff3900 count 1394656 dath18n11:171426:171586 [1] NCCL INFO AllReduce: opCount 3c sendbuff 0x200283h36n10:98370:98501 [5] NCCL INFO AllReduce: opCount 3d sendbuff 0x200283ff3900 recvbuff 0x200283ff3900 count 5597604 datath18n11:171426:171586 [1] NCCL INFO AllReduce: opCount 3d sendbuh18n11:17h31n15:12454:12666 [4] NCCL INFO AllReduce: opCount 3e sendbuff 0x2002a90b5200 recvbuff 0x2002a90b5200 count 5597604 datatyph18n11:171426:171586 [1] NCCL INFO AllReduce: opCount 3e sendbuff 0x20h36n10:98366:98508 [1] NCCL INFO AllReduce: opCount 3f sendbuff 0x200283ff3900 recvbuff 0x200283ff3900 count 5597604 datatype 7 op 0 root 0 comm 0x200080bd6ec0 [nranks=48] stream 0x200080a91c00
h31n15:12456:12678 [3] NCCL INFO AllReduce: opCount 40 sendbuff 0x2002b4a43900 recvbuff 0x2002b4a43900 count 5597604 datatype 7 op 0 root 0 comm 0x200084b90050 [nranks=48] stream 0x200084a19cc0
h37n05:72779:72918 [4] NCCL INFO AllReduce: opCount 41 sendbuff 0x200283ff3900 recvbuff 0x200283ff3900 count 5597604 datatype 7 oph50n08:126898:127039 [4] NCCL INFO AllReduce: opCount 41 sendbuhh31n15:12452:12669 [0] NCCL INFO AllReduce: opCount 42 sendbuff 0x2002a90b5200 recvbuff 0x2002a90b5200 count 5597604 datatype 7 op 0 root 0 comm 0x200080b90530 [nranks=48] stream 0x200080a1b040
h36n10:98364:98499 [2] NCCL INFO AllReduce: opCount 43 sendbuff 0x200283ff3900 recvbuff 0x200283ff3900 count 5597604 datatype 7 op 0 root 0 comm 0x200084c96db0 [nranks=48] stream 0x200084b51b40
h37n05:72779:72918 [4] NCCL INFO AllReduce: opCount 44 sendbuff 0x200283ff3900 recvbuff 0x200283ff3900 count 8644 datatype 7 op 0 root 0h37n03:115642:115781 [3] NCCL INFO AllReduce: opCount 4h31n15:12450:12679 [1] NCCL INFO AllReduce: opCount 45 sendbuff 0x2002a90b5200 recvbuff 0x2002a90b5200 count 5588960 datatype 7 op 0 root h37n03:115633:115779 [0] NCCL INFO AllReduce: opCount 45h36n10:98364:98499 [2] NCCL INFO AllReduce: opCount 46 sendbuff 0x200283ff3900 recvbuff 0x200283ff3900 count 5597604 datatype 7 op 0 root 0 h50n08:126900:127038 [2] NCCL INFO AllReduce: opCount h36n10:98364:98499 [2] NCCL INFO AllReduce: opCount 47 sendbuff 0x200283ff3900 recvbuff 0x200283ff3900 count 5597604 datatype 7 op 0 root 0 comm 0x200084c96db0 [nranks=48] stream 0x200084b51b40
h36n10:98364:98499 [2] NCCL INFO AllReduce: opCount 48 sendbuff 0x200283ff3900 recvbuff 0x200283ff3900 count 5597604 datatype 7 op 0 root 0 commh37n02:149985:150136 [2] NCCL INFO AllReduce: opCoh37n05:72773:72916 [3] NCCL INFO AllReduce: opCount 49 sendbuff 0x200283ff3900 recvbuff 0x200283ff3900 count 5514436 datatype 7 op 0 root 0 comm 0x200084b90050 [nranks=48] stream 0x200084a199b0
h36n10:98360:98502 [0] NCCL INFO AllReduce: opCount 4a sendbuff 0x200283ff3900 recvbuff 0x200283ff3900 count 83168 datatype 7 op 0 root 0 comm 0x200h37n06:125721:125917 [4] NCCL INFO AllReduceh31n15:12446:12667 [5] NCCL INFO AllReduce: opCount 4b sendbuff 0x2002a90b5200 recvbuff 0x2002a90b5200 count 5597604 datatype 7 op 0 root 0 comm 0x200080b90050 [nranks=48] stream 0x200080a1a070
h36n10:98370:98501 [5] NCCL INFO AllReduce: opCount 4c sendbuff 0x200283ff3900 recvbuff 0x200283ff3900 count 5597604 datatype 7 op 0 root 0 comm 0x20008h50n08:126894:127050 [3] NCCL INFO AllReduh36n10:98366:98508 [1] NCCL INFO AllReduce: opCount 4d sendbuff 0x200283ff3900 recvbuff 0x200283ff3900 count 5580100 datatype 7 op 0 root 0 comm 0x200080bh18n11:171430:171573 [3] NCCL INFO AllReh36n10:98364:98499 [2] NCCL INFO AllReduce: opCount 4e sendbuff 0x200283ff3900 recvbuff 0x200283ff3900 count 17504 datatype 7 op 0 root 0 comm 0x200084c96dbh37n02:149984:150138 [0] NCCL INFO Ah37n05:72779:72918 [4] NCCL INFO AllReduce: opCount 4f sendbuff 0x200283ff3900 recvbuff 0x200283ff3900 count 5597604 datatype 7 op 0 root 0 comm 0x200080b9005h37n03:115634:115782 [5] NCCL INFO Ah31n15:12447:12668 [2] NCCL INFO AllReduce: opCount 50 sendbuff 0x2002aaff3900 recvbuff 0x2002aaff3900 count 5597604 datatype 7 op 0 root 0 comm 0x200080b90050 [nranks=48] stream 0x200080a197b0
h36n10:98364:98499 [2] NCCL INFO AllReduce: opCount 51 sendbuff 0x200283ff3900 recvbuff 0x200283ff3900 count 5596548 datatype 7 op 0 root 0 comm 0x200084c96db0 [nh18n11:171431:171574 [4] NCCL INh37n05:72774:72920 [0] NCCL INFO AllReduce: opCount 52 sendbuff 0x200283ff3900 recvbuff 0x200283ff3900 count 1056 datatype 7 op 0 root 0 comm 0x200080b90530 [nranksh18n11:171434:171572 [5] NCh37n05:72777:72915 [2] NCCL INFO AllReduce: opCount 53 sendbuff 0x200283ff3900 recvbuff 0x200283ff3900 count 5514436 datatype 7 op 0 root 0 comm 0x200080b90050 [nrankh50n08:126894:127050 [3] NCCh36n10:98370:98501 [5] NCCL INFO AllReduce: opCount 54 sendbuff 0x200283ff3900 recvbuff 0x200283ff3900 count 83168 datatype 7 op 0 root 0 comm 0x200084c973a0 [nranks=48h37n03:115632:115783 [2]h31n15:12456:12678 [3] NCCL INFO AllReduce: opCount 55 sendbuff 0x2002b4a43900 recvbuff 0x2002b4a43900 count 5514436 datatype 7 op 0 root 0 comm 0x200084b90050 [nranks=48] stream 0x200084a19cc0
h37n05:72775:72917 [1] NCCL INFO AllReduce: opCount 56 sendbuff 0x200283ff3900 recvbuff 0x200283ff3900 count 83168 datatype 7 op 0 root 0 comm 0x200084b90050 [nranks=48] sth37n03:115633:115779h31n15:12446:12667 [5] NCCL INFO AllReduce: opCount 57 sendbuff 0x20028000b500 recvbuff 0x200280001300 count 4 datatype 7 op 0 root 0 comm 0x200080b90050 [nranks=48] stream 0h18n11:171426:h37n05:72775:72917 [1] NCCL INFO AllReduce: opCount 58 sendbuff 0x200283ff3900 recvbuff 0x200283ff3900 count 5597600 datatype 7 op 0 root 0 comm 0x200084b90050 [nranks=48] streh37n06:125731:1259h37n05:72773:72916 [3] NCCL INFO AllReduce: opCount 59 sendbuff 0x200283ff3900 recvbuff 0x200283ff3900 count 8516 datatype 7 op 0 root 0 comm 0x200084b90050 [nranks=48] stream 0x200084a199b0
h31n15:12452:12669 [0] NCCL INFO AllReduce: opCount 5a sendbuff 0x2002a90b5200 recvbuff 0x2002a90b5200 count 5589088 datatype 7 op 0 root 0 comm 0x200080b90530 [nranks=48] stream 0x200080a1b040
h36n10:98368:98500 [4] NCCL INFO AllReduce: opCount 5b sendbuff 0x200283ff3900 recvbuff 0x200283ff3900 count 5597604 datatype 7 op 0 root 0 comm 0x200080c56c90 [nranks=48] stream 0x200080b11a20
h31n15:12456:12678 [3] NCCL INFO AllReduce: opCount 5c sendbuff 0x2002b4a43900 recvbuff 0x2002b4a43900 count 5597604 datatype 7 op 0 root 0 comm 0x200084b90050 [nranks=48] stream 0x200h50n08:126h31n15:12454:12666 [4] NCCL INFO AllReduce: opCount 5d sendbuff 0x2002a90b5200 recvbuff 0x2002a90b5200 count 5597604 datatype 7 op 0 root 0 comm 0x200080b90050 [nranks=48] stream 0x200080a19aa0
h36n10:98366:98508 [1] NCCL INFO AllReduce: opCount 5e sendbuff 0x200283ff3900 recvbuff 0x200283ff3900 count 5597604 datatype 7 op 0 root 0 comm 0x200080bd6ec0 [nranks=48] stream 0x200080ah37n06h36n10:98370:98501 [5] NCCL INFO AllReduce: opCount 5f sendbuff 0x200283ff3900 recvbuff 0x200283ff3900 count 5597604 datatype 7 op 0 root 0 comm 0x200084c973a0 [nranks=48] stream 0x200084b52h18nh37n05:72777:72915 [2] NCCL INFO AllReduce: opCount 60 sendbuff 0x200283ff3900 recvbuff 0x200283ff3900 count 5252036 datatype 7 op 0 root 0 comm 0x200080b90050 [nranks=48] stream 0x200080a19830
h36n10:98360:98502 [0] NCCL INFO AllReduce: opCount 61 sendbuff 0x200283ff3900 recvbuff 0x200283ff3900 count 345568 datatype 7 op 0 root 0 comm 0x200080b97ce0 [nranks=48] stream 0x200080a52a40
h31n15:12454:12666 [4] NCCL INFO AllReduce: opCount 62 sendbuff 0x2002a90b5200 recvbuff 0x2002a90b5200 count 5597604 datatype 7 op 0 root 0 comm 0x200080b90050 [nranks=48] stream 0x200080a19aa0
h36n10:98370:98501 [5] NCCL INFO AllReduce: opCount 63 sendbuff 0x200283ff3900 recvbuff 0x200283ff3900 count 5597604 datatype 7 op 0 root 0 comm 0x200084c973a0 [nranks=48] stream 0x200084b521b0
h31n15:12446:12667 [5] NCCL INFO AllReduce: opCount 64 sendbuff 0x2002a90b5200 recvbuff 0x2002a90b5200 count 5597604 datatype 7 op 0 root 0 comm 0x200080b90050 [nranks=48] stream 0x200080a1a070
h37n05:72775:72917 [1] NCCL INFO AllReduce: opCount 65 sendbuff 0x200283ff3900 recvbuff 0x200283ff3900 count 5597604 datatype 7 op 0 root 0 comm 0x200084b90050 [nranks=48] stream 0x200084a19fe0
h36n10:98362:98507 [3] NCCL INFO AllReduce: opCount 66 sendbuff 0x200283ff3900 recvbuff 0x200283ff3900 count 5597604 datatype 7 op 0 root 0 comm 0x200084d16d90 [nranks=48] stream 0x200084bd1b10
h31n15:12456:12678 [3] NCCL INFO AllReduce: opCount 67 sendbuff 0x2002b4a43900 recvbuff 0x2002b4a43900 count 5597604 datatype 7 op 0 root 0 comm 0x200084b90050 [nranks=48] stream 0x200084a19cc0
h37n05:72775:72917 [1] NCCL INFO AllReduce: opCount 68 sendbuff 0x200283ff3900 recvbuff 0x200283ff3900 count 5580100 datatype 7 op 0 root 0 comm 0x200084b90050 [nranks=48] stream 0x200084a19fe0
h37n05:72773:72916 [3] NCCL INFO AllReduce: opCount 69 sendbuff 0x200283ff3900 recvbuff 0x200283ff3900 count 17504 datatype 7 op 0 root 0 comm 0x200084b90050 [nranks=48] stream 0x200084a199b0
h31n15:12454:12666 [4] NCCL INFO AllReduce: opCount 6a sendbuff 0x2002a90b5200 recvbuff 0x2002a90b5200 count 5597604 datatype 7 op 0 root 0 comm 0x200080b90050 [nranks=48] stream 0x200080a19aa0
h37n05:72777:72915 [2] NCCL INFO AllReduce: opCount 6b sendbuff 0x200283ff3900 recvbuff 0x200283ff3900 count 5252036 datatype 7 op 0 root 0 comm 0x200080b90050 [nranks=48] stream 0x200080a19830
h31n15:12456:12678 [3] NCCL INFO AllReduce: opCount 6c sendbuff 0x2002b4a43900 recvbuff 0x2002b4a43900 count 345568 datatype 7 op 0 root 0 comm 0x200084b90050 [nranks=48] stream 0x200084a19cc0
h36n10:98362:98507 [3] NCCL INFO AllReduce: opCount 6d sendbuff 0x200283ff3900 recvbuff 0x200283ff3900 count 5597604 datatype 7 op 0 root 0 comm 0x200084d16d90 [nranks=48] stream 0x200084bd1b10
h36n10:98362:98507 [3] NCCL INFO AllReduce: opCount 6e sendbuff 0x200283ff3900 recvbuff 0x200283ff3900 count 5597604 datatype 7 op 0 root 0 comm 0x200084d16d90 [nranks=48] stream 0x200084bd1b10
h37n05:72775:72917 [1] NCCL INFO AllReduce: opCount 6f sendbuff 0x200283ff3900 recvbuff 0x200283ff3900 count 5597604 datatype 7 op 0 root 0 comm 0x200084b90050 [nranks=48] stream 0x200084a19fe0
h36n10:98368:98500 [4] NCCL INFO AllReduce: opCount 70 sendbuff 0x200283ff3900 recvbuff 0x200283ff3900 count 5580100 datatype 7 op 0 root 0 comm 0x200080c56c90 [nranks=48] stream 0x200080b11a20
h31n15:12454:12666 [4] NCCL INFO AllReduce: opCount 71 sendbuff 0x2002a90b5200 recvbuff 0x2002a90b5200 count 17504 datatype 7 op 0 root 0 comm 0x200080b90050 [nranks=48] stream 0x200080a19aa0
h37n05:72774:72920 [0] NCCL INFO AllReduce: opCount 72 sendbuff 0x200283ff3900 recvbuff 0x200283ff3900 count 5514436 datatype 7 op 0 root 0 comm 0x200080b90530 [nranks=48] stream 0x200080a1af40
h31n15:12456:12678 [3] NCCL INFO AllReduce: opCount 73 sendbuff 0x2002b4a43900 recvbuff 0x2002b4a43900 count 83168 datatype 7 op 0 root 0 comm 0x200084b90050 [nranks=48] stream 0x200084a19cc0
h31n15:12456:12678 [3] NCCL INFO AllReduce: opCount 74 sendbuff 0x2002b4a43900 recvbuff 0x2002b4a43900 count 5597604 datatype 7 op 0 root 0 comm 0x200084b90050 [nranks=48] stream 0x200084a19cc0
h36n10:98362:98507 [3] NCCL INFO AllReduce: opCount 75 sendbuff 0x200283ff3900 recvbuff 0x200283ff3900 count 5597604 datatype 7 op 0 root 0 comm 0x200084d16d90 [nranks=48] stream 0x200084bd1b10
h36n10:98370:98501 [5] NCCL INFO AllReduce: opCount 76 sendbuff 0x200283ff3900 recvbuff 0x200283ff3900 count 5597604 datatype 7 op 0 root 0 comm 0x200084c973a0 [nranks=48] stream 0x200084b521b0
h31n15:12450:12679 [1] NCCL INFO AllReduce: opCount 77 sendbuff 0x2002a90b5200 recvbuff 0x2002a90b5200 count 4202948 datatype 7 op 0 root 0 comm 0x200084b90050 [nranks=48] stream 0x200084a19c90
h37n05:72777:72915 [2] NCCL INFO AllReduce: opCount 78 sendbuff 0x200283ff3900 recvbuff 0x200283ff3900 count 1394656 datatype 7 op 0 root 0 comm 0x200080b90050 [nranks=48] stream 0x200080a19830
h31n15:12447:12668 [2] NCCL INFO AllReduce: opCount 79 sendbuff 0x2002aaff3900 recvbuff 0x2002aaff3900 count 5580100 datatype 7 op 0 root 0 comm 0x200080b90050 [nranks=48] stream 0x200080a197b0
h36n10:98362:98507 [3] NCCL INFO AllReduce: opCount 7a sendbuff 0x200283ff3900 recvbuff 0x200283ff3900 count 17504 datatype 7 op 0 root 0 comm 0x200084d16d90 [nranks=48] stream 0x200084bd1b10
h37n05:72777:72915 [2] NCCL INFO AllReduce: opCount 7b sendbuff 0x200283ff3900 recvbuff 0x200283ff3900 count 5514436 datatype 7 op 0 root 0 comm 0x200080b90050 [nranks=48] stream 0x200080a19830
h31n15:12446:12667 [5] NCCL INFO AllReduce: opCount 7c sendbuff 0x2002a90b5200 recvbuff 0x2002a90b5200 count 83168 datatype 7 op 0 root 0 comm 0x200080b90050 [nranks=48] stream 0x200080a1a070
h37n05:72773:72916 [3] NCCL INFO AllReduce: opCount 7d sendbuff 0x200283ff3900 recvbuff 0x200283ff3900 count 260 datatype 7 op 0 root 0 comm 0x200084b90050 [nranks=48] stream 0x200084a199b0
h36n10:98360:98502 [0] NCCL INFO AllReduce: opCount 7e sendbuff 0x200283ff3900 recvbuff 0x200283ff3900 count 5597344 datatype 7 op 0 root 0 comm 0x200080b97ce0 [nranks=48] stream 0x200080a52a40
h31n15:12454:12666 [4] NCCL INFO AllReduce: opCount 7f sendbuff 0x2002a90b5200 recvbuff 0x2002a90b5200 count 260 datatype 7 op 0 root 0 comm 0x200080b90050 [nranks=48] stream 0x200080a19aa0
h31n15:12456:12678 [3] NCCL INFO AllReduce: opCount 80 sendbuff 0x2002b4a43900 recvbuff 0x2002b4a43900 count 5597344 datatype 7 op 0 root 0 comm 0x200084b90050 [nranks=48] stream 0x200084a19cc0
h36n10:98368:98500 [4] NCCL INFO AllReduce: opCount 81 sendbuff 0x200283ff3900 recvbuff 0x200283ff3900 count 5597604 datatype 7 op 0 root 0 comm 0x200080c56c90 [nranks=48] stream 0x200080b11a20
h37n05:72775:72917 [1] NCCL INFO AllReduce: opCount 82 sendbuff 0x200283ff3900 recvbuff 0x200283ff3900 count 5580100 datatype 7 op 0 root 0 comm 0x200084b90050 [nranks=48] stream 0x200084a19fe0
h36n10:98368:98500 [4] NCCL INFO AllReduce: opCount 83 sendbuff 0x200283ff3900 recvbuff 0x200283ff3900 count 17504 datatype 7 op 0 root 0 comm 0x200080c56c90 [nranks=48] stream 0x200080b11a20
h36n10:98370:98501 [5] NCCL INFO AllReduce: opCount 84 sendbuff 0x200283ff3900 recvbuff 0x200283ff3900 count 5597604 datatype 7 op 0 root 0 comm 0x200084c973a0 [nranks=48] stream 0x200084b521b0
h36n10:98366:98508 [1] NCCL INFO AllReduce: opCount 85 sendbuff 0x200283ff3900 recvbuff 0x200283ff3900 count 5580100 datatype 7 op 0 root 0 comm 0x200080bd6ec0 [nranks=48] stream 0x200080a91c00
h37n05:72773:72916 [3] NCCL INFO AllReduce: opCount 86 sendbuff 0x200283ff3900 recvbuff 0x200283ff3900 count 17504 datatype 7 op 0 root 0 comm 0x200084b90050 [nranks=48] stream 0x200084a199b0
h36n10:98362:98507 [3] NCCL INFO AllReduce: opCount 87 sendbuff 0x200283ff3900 recvbuff 0x200283ff3900 count 5580100 datatype 7 op 0 root 0 comm 0x200084d16d90 [nranks=48] stream 0x200084bd1b10
h37n05:72774:72920 [0] NCCL INFO AllReduce: opCount 88 sendbuff 0x200283ff3900 recvbuff 0x200283ff3900 count 17504 datatype 7 op 0 root 0 comm 0x200080b90530 [nranks=48] stream 0x200080a1af40
h36n10:98370:98501 [5] NCCL INFO AllReduce: opCount 89 sendbuff 0x200283ff3900 recvbuff 0x200283ff3900 count 5252036 datatype 7 op 0 root 0 comm 0x200084c973a0 [nranks=48] stream 0x200084b521b0
h37n05:72776:72919 [5] NCCL INFO AllReduce: opCount 8a sendbuff 0x200283ff3900 recvbuff 0x200283ff3900 count 345568 datatype 7 op 0 root 0 comm 0x200080b90050 [nranks=48] stream 0x200080a199b0
h36n10:98364:98499 [2] NCCL INFO AllReduce: opCount 8b sendbuff 0x200283ff3900 recvbuff 0x200283ff3900 count 5597604 datatype 7 op 0 root 0 comm 0x200084c96db0 [nranks=48] stream 0x200084b51b40
h36n10:98368:98500 [4] NCCL INFO AllReduce: opCount 8c sendbuff 0x200283ff3900 recvbuff 0x200283ff3900 count 5597604 datatype 7 op 0 root 0 comm 0x200080c56c90 [nranks=48] stream 0x200080b11a20
h36n10:98366:98508 [1] NCCL INFO AllReduce: opCount 8d sendbuff 0x200283ff3900 recvbuff 0x200283ff3900 count 5597604 datatype 7 op 0 root 0 comm 0x200080bd6ec0 [nranks=48] stream 0x200080a91c00
h31n15:12450:12679 [1] NCCL INFO AllReduce: opCount 8e sendbuff 0x2002a90b5200 recvbuff 0x2002a90b5200 count 8644 datatype 7 op 0 root 0 comm 0x200084b90050 [nranks=48] stream 0x200084a19c90
h36n10:98364:98499 [2] NCCL INFO AllReduce: opCount 8f sendbuff 0x200283ff3900 recvbuff 0x200283ff3900 count 5588960 datatype 7 op 0 root 0 comm 0x200084c96db0 [nranks=48] stream 0x200084b51b40
h37n05:72774:72920 [0] NCCL INFO AllReduce: opCount 90 sendbuff 0x200283ff3900 recvbuff 0x200283ff3900 count 5580100 datatype 7 op 0 root 0 comm 0x200080b90530 [nranks=48] stream 0x200080a1af40
h36n10:98364:98499 [2] NCCL INFO AllReduce: opCount 91 sendbuff 0x200283ff3900 recvbuff 0x200283ff3900 count 17504 datatype 7 op 0 root 0 comm 0x200084c96db0 [nranks=48] stream 0x200084b51b40
h31n15:12452:12669 [0] NCCL INFO AllReduce: opCount 92 sendbuff 0x2002a90b5200 recvbuff 0x2002a90b5200 count 260 datatype 7 op 0 root 0 comm 0x200080b90530 [nranks=48] stream 0x200080a1b040
h31n15:12447:12668 [2] NCCL INFO AllReduce: opCount 93 sendbuff 0x2002aaff3900 recvbuff 0x2002aaff3900 count 5597344 datatype 7 op 0 root 0 comm 0x200080b90050 [nranks=48] stream 0x200080a197b0
h36n10:98362:98507 [3] NCCL INFO AllReduce: opCount 94 sendbuff 0x200283ff3900 recvbuff 0x200283ff3900 count 5597604 datatype 7 op 0 root 0 comm 0x200084d16d90 [nranks=48] stream 0x200084bd1b10
h31n15:12446:12667 [5] NCCL INFO AllReduce: opCount 95 sendbuff 0x2002a90b5200 recvbuff 0x2002a90b5200 count 5597604 datatype 7 op 0 root 0 comm 0x200080b90050 [nranks=48] stream 0x200080a1a070
h31n15:12452:12669 [0] NCCL INFO AllReduce: opCount 96 sendbuff 0x2002a90b5200 recvbuff 0x2002a90b5200 count 5596548 datatype 7 op 0 root 0 comm 0x200080b90530 [nranks=48] stream 0x200080a1b040
h31n15:12446:12667 [5] NCCL INFO AllReduce: opCount 97 sendbuff 0x2002a90b5200 recvbuff 0x2002a90b5200 count 1056 datatype 7 op 0 root 0 comm 0x200080b90050 [nranks=48] stream 0x200080a1a070
h36n10:98364:98499 [2] NCCL INFO AllReduce: opCount 98 sendbuff 0x200283ff3900 recvbuff 0x200283ff3900 count 5597604 datatype 7 op 0 root 0 comm 0x200084c96db0 [nranks=48] stream 0x200084b51b40
h36n10:98370:98501 [5] NCCL INFO AllReduce: opCount 99 sendbuff 0x200283ff3900 recvbuff 0x200283ff3900 count 5597604 datatype 7 op 0 root 0 comm 0x200084c973a0 [nranks=48] stream 0x200084b521b0
h37n05:72779:72918 [4] NCCL INFO AllReduce: opCount 9a sendbuff 0x200283ff3900 recvbuff 0x200283ff3900 count 4202948 datatype 7 op 0 root 0 comm 0x200080b90050 [nranks=48] stream 0x200080a19930
h36n10:98366:98508 [1] NCCL INFO AllReduce: opCount 9b sendbuff 0x200283ff3900 recvbuff 0x200283ff3900 count 1394656 datatype 7 op 0 root 0 comm 0x200080bd6ec0 [nranks=48] stream 0x200080a91c00
h37n05:72776:72919 [5] NCCL INFO AllReduce: opCount 9c sendbuff 0x200283ff3900 recvbuff 0x200283ff3900 count 5597604 datatype 7 op 0 root 0 comm 0x200080b90050 [nranks=48] stream 0x200080a199b0
h37n05:72775:72917 [1] NCCL INFO AllReduce: opCount 9d sendbuff 0x200283ff3900 recvbuff 0x200283ff3900 count 5597604 datatype 7 op 0 root 0 comm 0x200084b90050 [nranks=48] stream 0x200084a19fe0
h31n15:12447:12668 [2] NCCL INFO AllReduce: opCount 9e sendbuff 0x20028000b100 recvbuff 0x200280004700 count 4 datatype 7 op 0 root 0 comm 0x200080b90050 [nranks=48] stream 0x200080a197b0
h36n10:98362:98507 [3] NCCL INFO AllReduce: opCount 9f sendbuff 0x200283ff3900 recvbuff 0x200283ff3900 count 5597600 datatype 7 op 0 root 0 comm 0x200084d16d90 [nranks=48] stream 0x200084bd1b10
h37n05:72779:72918 [4] NCCL INFO AllReduce: opCount a0 sendbuff 0x200283ff3900 recvbuff 0x200283ff3900 count 5597604 datatype 7 op 0 root 0 comm 0x200080b90050 [nranks=48] stream 0x200080a19930
h36n10:98368:98500 [4] NCCL INFO AllReduce: opCount a1 sendbuff 0x200283ff3900 recvbuff 0x200283ff3900 count 5514436 datatype 7 op 0 root 0 comm 0x200080c56c90 [nranks=48] stream 0x200080b11a20
h37n05:72775:72917 [1] NCCL INFO AllReduce: opCount a2 sendbuff 0x200283ff3900 recvbuff 0x200283ff3900 count 83168 datatype 7 op 0 root 0 comm 0x200084b90050 [nranks=48] stream 0x200084a19fe0
h31n15:12446:12667 [5] NCCL INFO AllReduce: opCount a3 sendbuff 0x2002a90b5200 recvbuff 0x2002a90b5200 count 5597604 datatype 7 op 0 root 0 comm 0x200080b90050 [nranks=48] stream 0x200080a1a070
h36n10:98366:98508 [1] NCCL INFO AllReduce: opCount a4 sendbuff 0x200283ff3900 recvbuff 0x200283ff3900 count 5597604 datatype 7 op 0 root 0 comm 0x200080bd6ec0 [nranks=48] stream 0x200080a91c00
h36n10:98360:98502 [0] NCCL INFO AllReduce: opCount a5 sendbuff 0x200283ff3900 recvbuff 0x200283ff3900 count 5597604 datatype 7 op 0 root 0 comm 0x200080b97ce0 [nranks=48] stream 0x200080a52a40
h36n10:98368:98500 [4] NCCL INFO AllReduce: opCount a6 sendbuff 0x200283ff3900 recvbuff 0x200283ff3900 count 5597604 datatype 7 op 0 root 0 comm 0x200080c56c90 [nranks=48] stream 0x200080b11a20
h37n05:72775:72917 [1] NCCL INFO AllReduce: opCount a7 sendbuff 0x200283ff3900 recvbuff 0x200283ff3900 count 4202948 datatype 7 op 0 root 0 comm 0x200084b90050 [nranks=48] stream 0x200084a19fe0
h36n10:98364:98499 [2] NCCL INFO AllReduce: opCount a8 sendbuff 0x200283ff3900 recvbuff 0x200283ff3900 count 1394656 datatype 7 op 0 root 0 comm 0x200084c96db0 [nranks=48] stream 0x200084b51b40
h37n05:72774:72920 [0] NCCL INFO AllReduce: opCount a9 sendbuff 0x200283ff3900 recvbuff 0x200283ff3900 count 8644 datatype 7 op 0 root 0 comm 0x200080b90530 [nranks=48] stream 0x200080a1af40
h31n15:12454:12666 [4] NCCL INFO AllReduce: opCount aa sendbuff 0x2002a90b5200 recvbuff 0x2002a90b5200 count 5588960 datatype 7 op 0 root 0 comm 0x200080b90050 [nranks=48] stream 0x200080a19aa0
h37n05:72779:72918 [4] NCCL INFO AllReduce: opCount ab sendbuff 0x200283ff3900 recvbuff 0x200283ff3900 count 260 datatype 7 op 0 root 0 comm 0x200080b90050 [nranks=48] stream 0x200080a19930
h31n15:12452:12669 [0] NCCL INFO AllReduce: opCount ac sendbuff 0x2002a90b5200 recvbuff 0x2002a90b5200 count 5597344 datatype 7 op 0 root 0 comm 0x200080b90530 [nranks=48] stream 0x200080a1b040
h37n05:72779:72918 [4] NCCL INFO AllReduce: opCount ad sendbuff 0x200283ff3900 recvbuff 0x200283ff3900 count 5597604 datatype 7 op 0 root 0 comm 0x200080b90050 [nranks=48] stream 0x200080a19930
h36n10:98362:98507 [3] NCCL INFO AllReduce: opCount ae sendbuff 0x200283ff3900 recvbuff 0x200283ff3900 count 8644 datatype 7 op 0 root 0 comm 0x200084d16d90 [nranks=48] stream 0x200084bd1b10
h37n05:72777:72915 [2] NCCL INFO AllReduce: opCount af sendbuff 0x200283ff3900 recvbuff 0x200283ff3900 count 5588960 datatype 7 op 0 root 0 comm 0x200080b90050 [nranks=48] stream 0x200080a19830
h31n15:12446:12667 [5] NCCL INFO AllReduce: opCount b0 sendbuff 0x2002a90b5200 recvbuff 0x2002a90b5200 count 5597604 datatype 7 op 0 root 0 comm 0x200080b90050 [nranks=48] stream 0x200080a1a070
h36n10:98364:98499 [2] NCCL INFO AllReduce: opCount b1 sendbuff 0x200283ff3900 recvbuff 0x200283ff3900 count 5514180 datatype 7 op 0 root 0 comm 0x200084c96db0 [nranks=48] stream 0x200084b51b40
h37n05:72775:72917 [1] NCCL INFO AllReduce: opCount b2 sendbuff 0x200283ff3900 recvbuff 0x200283ff3900 count 83424 datatype 7 op 0 root 0 comm 0x200084b90050 [nranks=48] stream 0x200084a19fe0
h36n10:98366:98508 [1] NCCL INFO AllReduce: opCount b3 sendbuff 0x200283ff3900 recvbuff 0x200283ff3900 count 4202948 datatype 7 op 0 root 0 comm 0x200080bd6ec0 [nranks=48] stream 0x200080a91c00
h36n10:98366:98508 [1] NCCL INFO AllReduce: opCount b4 sendbuff 0x200283ff3900 recvbuff 0x200283ff3900 count 1394656 datatype 7 op 0 root 0 comm 0x200080bd6ec0 [nranks=48] stream 0x200080a91c00
h36n10:98366:98508 [1] NCCL INFO AllReduce: opCount b5 sendbuff 0x200283ff3900 recvbuff 0x200283ff3900 count 5597604 datatype 7 op 0 root 0 comm 0x200080bd6ec0 [nranks=48] stream 0x200080a91c00
h31n15:12446:12667 [5] NCCL INFO AllReduce: opCount b6 sendbuff 0x2002a90b5200 recvbuff 0x2002a90b5200 count 5596548 datatype 7 op 0 root 0 comm 0x200080b90050 [nranks=48] stream 0x200080a1a070
h36n10:98364:98499 [2] NCCL INFO AllReduce: opCount b7 sendbuff 0x200283ff3900 recvbuff 0x200283ff3900 count 1056 datatype 7 op 0 root 0 comm 0x200084c96db0 [nranks=48] stream 0x200084b51b40
h36n10:98364:98499 [2] NCCL INFO AllReduce: opCount b8 sendbuff 0x200283ff3900 recvbuff 0x200283ff3900 count 5596548 datatype 7 op 0 root 0 comm 0x200084c96db0 [nranks=48] stream 0x200084b51b40
h36n10:98366:98508 [1] NCCL INFO AllReduce: opCount b9 sendbuff 0x200283ff3900 recvbuff 0x200283ff3900 count 1056 datatype 7 op 0 root 0 comm 0x200080bd6ec0 [nranks=48] stream 0x200080a91c00
h37n05:72773:72916 [3] NCCL INFO AllReduce: opCount ba sendbuff 0x200283ff3900 recvbuff 0x200283ff3900 count 5251524 datatype 7 op 0 root 0 comm 0x200084b90050 [nranks=48] stream 0x200084a199b0
h36n10:98366:98508 [1] NCCL INFO AllReduce: opCount bb sendbuff 0x200283ff3900 recvbuff 0x200283ff3900 count 346080 datatype 7 op 0 root 0 comm 0x200080bd6ec0 [nranks=48] stream 0x200080a91c00
h36n10:98360:98502 [0] NCCL INFO AllReduce: opCount bc sendbuff 0x200283ff3900 recvbuff 0x200283ff3900 count 5597604 datatype 7 op 0 root 0 comm 0x200080b97ce0 [nranks=48] stream 0x200080a52a40
h31n15:12446:12667 [5] NCCL INFO AllReduce: opCount bd sendbuff 0x2002a90b5200 recvbuff 0x2002a90b5200 count 5514436 datatype 7 op 0 root 0 comm 0x200080b90050 [nranks=48] stream 0x200080a1a070
h36n10:98370:98501 [5] NCCL INFO AllReduce: opCount be sendbuff 0x200283ff3900 recvbuff 0x200283ff3900 count 83168 datatype 7 op 0 root 0 comm 0x200084c973a0 [nranks=48] stream 0x200084b521b0
h36n10:98366:98508 [1] NCCL INFO AllReduce: opCount bf sendbuff 0x200283ff3900 recvbuff 0x200283ff3900 count 5597604 datatype 7 op 0 root 0 comm 0x200080bd6ec0 [nranks=48] stream 0x200080a91c00
h31n15:12446:12667 [5] NCCL INFO AllReduce: opCount c0 sendbuff 0x2002a90b5200 recvbuff 0x2002a90b5200 count 5252036 datatype 7 op 0 root 0 comm 0x200080b90050 [nranks=48] stream 0x200080a1a070
h36n10:98360:98502 [0] NCCL INFO AllReduce: opCount c1 sendbuff 0x200283ff3900 recvbuff 0x200283ff3900 count 345568 datatype 7 op 0 root 0 comm 0x200080b97ce0 [nranks=48] stream 0x200080a52a40
h36n10:98370:98501 [5] NCCL INFO AllReduce: opCount c2 sendbuff 0x200283ff3900 recvbuff 0x200283ff3900 count 5597604 datatype 7 op 0 root 0 comm 0x200084c973a0 [nranks=48] stream 0x200084b521b0
h36n10:98364:98499 [2] NCCL INFO AllReduce: opCount c3 sendbuff 0x200283ff3900 recvbuff 0x200283ff3900 count 5597604 datatype 7 op 0 root 0 comm 0x200084c96db0 [nranks=48] stream 0x200084b51b40
h31n15:12452:12669 [0] NCCL INFO AllReduce: opCount c4 sendbuff 0x2002a90b5200 recvbuff 0x2002a90b5200 count 8516 datatype 7 op 0 root 0 comm 0x200080b90530 [nranks=48] stream 0x200080a1b040
h36n10:98370:98501 [5] NCCL INFO AllReduce: opCount c5 sendbuff 0x200283ff3900 recvbuff 0x200283ff3900 count 5589088 datatype 7 op 0 root 0 comm 0x200084c973a0 [nranks=48] stream 0x200084b521b0
h36n10:98360:98502 [0] NCCL INFO AllReduce: opCount c6 sendbuff 0x200283ff3900 recvbuff 0x200283ff3900 count 5580100 datatype 7 op 0 root 0 comm 0x200080b97ce0 [nranks=48] stream 0x200080a52a40
h37n05:72776:72919 [5] NCCL INFO AllReduce: opCount c7 sendbuff 0x200283ff3900 recvbuff 0x200283ff3900 count 17504 datatype 7 op 0 root 0 comm 0x200080b90050 [nranks=48] stream 0x200080a199b0
h31n15:12454:12666 [4] NCCL INFO AllReduce: opCount c8 sendbuff 0x2002a90b5200 recvbuff 0x2002a90b5200 count 5252036 datatype 7 op 0 root 0 comm 0x200080b90050 [nranks=48] stream 0x200080a19aa0
h31n15:12450:12679 [1] NCCL INFO AllReduce: opCount c9 sendbuff 0x2002a90b5200 recvbuff 0x2002a90b5200 count 345568 datatype 7 op 0 root 0 comm 0x200084b90050 [nranks=48] stream 0x200084a19c90
h36n10:98360:98502 [0] NCCL INFO AllReduce: opCount ca sendbuff 0x200283ff3900 recvbuff 0x200283ff3900 count 5514436 datatype 7 op 0 root 0 comm 0x200080b97ce0 [nranks=48] stream 0x200080a52a40
h31n15:12450:12679 [1] NCCL INFO AllReduce: opCount cb sendbuff 0x2002a90b5200 recvbuff 0x2002a90b5200 count 83168 datatype 7 op 0 root 0 comm 0x200084b90050 [nranks=48] stream 0x200084a19c90
h36n10:98366:98508 [1] NCCL INFO AllReduce: opCount cc sendbuff 0x200283ff3900 recvbuff 0x200283ff3900 count 4202948 datatype 7 op 0 root 0 comm 0x200080bd6ec0 [nranks=48] stream 0x200080a91c00
h37n05:72776:72919 [5] NCCL INFO AllReduce: opCount cd sendbuff 0x200283ff3900 recvbuff 0x200283ff3900 count 1394656 datatype 7 op 0 root 0 comm 0x200080b90050 [nranks=48] stream 0x200080a199b0
h31n15:12446:12667 [5] NCCL INFO AllReduce: opCount ce sendbuff 0x2002a90b5200 recvbuff 0x2002a90b5200 count 5597604 datatype 7 op 0 root 0 comm 0x200080b90050 [nranks=48] stream 0x200080a1a070
h36n10:98368:98500 [4] NCCL INFO AllReduce: opCount cf sendbuff 0x200283ff3900 recvbuff 0x200283ff3900 count 5252036 datatype 7 op 0 root 0 comm 0x200080c56c90 [nranks=48] stream 0x200080b11a20
h31n15:12447:12668 [2] NCCL INFO AllReduce: opCount d0 sendbuff 0x2002aaff3900 recvbuff 0x2002aaff3900 count 345568 datatype 7 op 0 root 0 comm 0x200080b90050 [nranks=48] stream 0x200080a197b0
h36n10:98364:98499 [2] NCCL INFO AllReduce: opCount d1 sendbuff 0x200283ff3900 recvbuff 0x200283ff3900 count 5597604 datatype 7 op 0 root 0 comm 0x200084c96db0 [nranks=48] stream 0x200084b51b40
h37n05:72777:72915 [2] NCCL INFO AllReduce: opCount d2 sendbuff 0x200283ff3900 recvbuff 0x200283ff3900 count 5597604 datatype 7 op 0 root 0 comm 0x200080b90050 [nranks=48] stream 0x200080a19830
h36n10:98366:98508 [1] NCCL INFO AllReduce: opCount d3 sendbuff 0x200283ff3900 recvbuff 0x200283ff3900 count 4202948 datatype 7 op 0 root 0 comm 0x200080bd6ec0 [nranks=48] stream 0x200080a91c00
h37n05:72776:72919 [5] NCCL INFO AllReduce: opCount d4 sendbuff 0x200283ff3900 recvbuff 0x200283ff3900 count 1394656 datatype 7 op 0 root 0 comm 0x200080b90050 [nranks=48] stream 0x200080a199b0
h36n10:98366:98508 [1] NCCL INFO AllReduce: opCount d5 sendbuff 0x200283ff3900 recvbuff 0x200283ff3900 count 8516 datatype 7 op 0 root 0 comm 0x200080bd6ec0 [nranks=48] stream 0x200080a91c00
h31n15:12450:12679 [1] NCCL INFO AllReduce: opCount d6 sendbuff 0x2002a90b5200 recvbuff 0x2002a90b5200 count 5589088 datatype 7 op 0 root 0 comm 0x200084b90050 [nranks=48] stream 0x200084a19c90
h36n10:98366:98508 [1] NCCL INFO AllReduce: opCount d7 sendbuff 0x200283ff3900 recvbuff 0x200283ff3900 count 5514436 datatype 7 op 0 root 0 comm 0x200080bd6ec0 [nranks=48] stream 0x200080a91c00
h31n15:12454:12666 [4] NCCL INFO AllReduce: opCount d8 sendbuff 0x2002a90b5200 recvbuff 0x2002a90b5200 count 83168 datatype 7 op 0 root 0 comm 0x200080b90050 [nranks=48] stream 0x200080a19aa0
h31n15:12456:12678 [3] NCCL INFO AllReduce: opCount d9 sendbuff 0x2002b4a43900 recvbuff 0x2002b4a43900 count 324 datatype 7 op 0 root 0 comm 0x200084b90050 [nranks=48] stream 0x200084a19cc0
h36n10:98360:98502 [0] NCCL INFO AllReduce: opCount da sendbuff 0x200283ff3900 recvbuff 0x200283ff3900 count 5597280 datatype 7 op 0 root 0 comm 0x200080b97ce0 [nranks=48] stream 0x200080a52a40
h36n10:98364:98499 [2] NCCL INFO AllReduce: opCount db sendbuff 0x200283ff3900 recvbuff 0x200283ff3900 count 5597604 datatype 7 op 0 root 0 comm 0x200084c96db0 [nranks=48] stream 0x200084b51b40
h31n15:12454:12666 [4] NCCL INFO AllReduce: opCount dc sendbuff 0x2002a90b5200 recvbuff 0x2002a90b5200 count 260 datatype 7 op 0 root 0 comm 0x200080b90050 [nranks=48] stream 0x200080a19aa0
h37n05:72775:72917 [1] NCCL INFO AllReduce: opCount dd sendbuff 0x200283ff3900 recvbuff 0x200283ff3900 count 5597344 datatype 7 op 0 root 0 comm 0x200084b90050 [nranks=48] stream 0x200084a19fe0
h31n15:12446:12667 [5] NCCL INFO AllReduce: opCount de sendbuff 0x2002a90b5200 recvbuff 0x2002a90b5200 count 5597604 datatype 7 op 0 root 0 comm 0x200080b90050 [nranks=48] stream 0x200080a1a070
h31n15:12450:12679 [1] NCCL INFO AllReduce: opCount df sendbuff 0x2002a90b5200 recvbuff 0x2002a90b5200 count 5597604 datatype 7 op 0 root 0 comm 0x200084b90050 [nranks=48] stream 0x200084a19c90
h31n15:12454:12666 [4] NCCL INFO AllReduce: opCount e0 sendbuff 0x2002a90b5200 recvbuff 0x2002a90b5200 count 5597604 datatype 7 op 0 root 0 comm 0x200080b90050 [nranks=48] stream 0x200080a19aa0
h36n10:98362:98507 [3] NCCL INFO AllReduce: opCount e1 sendbuff 0x200283ff3900 recvbuff 0x200283ff3900 count 5596484 datatype 7 op 0 root 0 comm 0x200084d16d90 [nranks=48] stream 0x200084bd1b10
h37n05:72776:72919 [5] NCCL INFO AllReduce: opCount e2 sendbuff 0x200283ff3900 recvbuff 0x200283ff3900 count 1120 datatype 7 op 0 root 0 comm 0x200080b90050 [nranks=48] stream 0x200080a199b0
h36n10:98364:98499 [2] NCCL INFO AllReduce: opCount e3 sendbuff 0x200283ff3900 recvbuff 0x200283ff3900 count 5514436 datatype 7 op 0 root 0 comm 0x200084c96db0 [nranks=48] stream 0x200084b51b40
h37n05:72776:72919 [5] NCCL INFO AllReduce: opCount e4 sendbuff 0x200283ff3900 recvbuff 0x200283ff3900 count 83168 datatype 7 op 0 root 0 comm 0x200080b90050 [nranks=48] stream 0x200080a199b0
h31n15:12447:12668 [2] NCCL INFO AllReduce: opCount e5 sendbuff 0x2002aaff3900 recvbuff 0x2002aaff3900 count 5514436 datatype 7 op 0 root 0 comm 0x200080b90050 [nranks=48] stream 0x200080a197b0
h36n10:98360:98502 [0] NCCL INFO AllReduce: opCount e6 sendbuff 0x200283ff3900 recvbuff 0x200283ff3900 count 83168 datatype 7 op 0 root 0 comm 0x200080b97ce0 [nranks=48] stream 0x200080a52a40
h36n10:98360:98502 [0] NCCL INFO AllReduce: opCount e7 sendbuff 0x200283ff3900 recvbuff 0x200283ff3900 count 5597604 datatype 7 op 0 root 0 comm 0x200080b97ce0 [nranks=48] stream 0x200080a52a40
h37n05:72779:72918 [4] NCCL INFO AllReduce: opCount e8 sendbuff 0x200283ff3900 recvbuff 0x200283ff3900 count 5580100 datatype 7 op 0 root 0 comm 0x200080b90050 [nranks=48] stream 0x200080a19930
h36n10:98360:98502 [0] NCCL INFO AllReduce: opCount e9 sendbuff 0x200283ff3900 recvbuff 0x200283ff3900 count 17504 datatype 7 op 0 root 0 comm 0x200080b97ce0 [nranks=48] stream 0x200080a52a40
h36n10:98364:98499 [2] NCCL INFO AllReduce: opCount ea sendbuff 0x200283ff3900 recvbuff 0x200283ff3900 count 5597604 datatype 7 op 0 root 0 comm 0x200084c96db0 [nranks=48] stream 0x200084b51b40
h37n05:72779:72918 [4] NCCL INFO AllReduce: opCount eb sendbuff 0x200283ff3900 recvbuff 0x200283ff3900 count 8516 datatype 7 op 0 root 0 comm 0x200080b90050 [nranks=48] stream 0x200080a19930
h31n15:12454:12666 [4] NCCL INFO AllReduce: opCount ec sendbuff 0x2002a90b5200 recvbuff 0x2002a90b5200 count 5589088 datatype 7 op 0 root 0 comm 0x200080b90050 [nranks=48] stream 0x200080a19aa0
h36n10:98366:98508 [1] NCCL INFO AllReduce: opCount ed sendbuff 0x200283ff3900 recvbuff 0x200283ff3900 count 5597604 datatype 7 op 0 root 0 comm 0x200080bd6ec0 [nranks=48] stream 0x200080a91c00
h31n15:12452:12669 [0] NCCL INFO AllReduce: opCount ee sendbuff 0x2002a90b5200 recvbuff 0x2002a90b5200 count 5597604 datatype 7 op 0 root 0 comm 0x200080b90530 [nranks=48] stream 0x200080a1b040
h37n05:72776:72919 [5] NCCL INFO AllReduce: opCount ef sendbuff 0x200283ff3900 recvbuff 0x200283ff3900 count 5596548 datatype 7 op 0 root 0 comm 0x200080b90050 [nranks=48] stream 0x200080a199b0
h31n15:12452:12669 [0] NCCL INFO AllReduce: opCount f0 sendbuff 0x2002a90b5200 recvbuff 0x2002a90b5200 count 1056 datatype 7 op 0 root 0 comm 0x200080b90530 [nranks=48] stream 0x200080a1b040
h37n05:72779:72918 [4] NCCL INFO AllReduce: opCount f1 sendbuff 0x200283ff3900 recvbuff 0x200283ff3900 count 5597604 datatype 7 op 0 root 0 comm 0x200080b90050 [nranks=48] stream 0x200080a19930
h31n15:12452:12669 [0] NCCL INFO AllReduce: opCount f2 sendbuff 0x2002a90b5200 recvbuff 0x2002a90b5200 count 260 datatype 7 op 0 root 0 comm 0x200080b90530 [nranks=48] stream 0x200080a1b040
h37n05:72773:72916 [3] NCCL INFO AllReduce: opCount f3 sendbuff 0x200283ff3900 recvbuff 0x200283ff3900 count 5597344 datatype 7 op 0 root 0 comm 0x200084b90050 [nranks=48] stream 0x200084a199b0
h36n10:98364:98499 [2] NCCL INFO AllReduce: opCount f4 sendbuff 0x200283ff3900 recvbuff 0x200283ff3900 count 5514436 datatype 7 op 0 root 0 comm 0x200084c96db0 [nranks=48] stream 0x200084b51b40
h37n05:72776:72919 [5] NCCL INFO AllReduce: opCount f5 sendbuff 0x200283ff3900 recvbuff 0x200283ff3900 count 83168 datatype 7 op 0 root 0 comm 0x200080b90050 [nranks=48] stream 0x200080a199b0
h31n15:12454:12666 [4] NCCL INFO AllReduce: opCount f6 sendbuff 0x2002a90b5200 recvbuff 0x2002a90b5200 count 5580100 datatype 7 op 0 root 0 comm 0x200080b90050 [nranks=48] stream 0x200080a19aa0
h37n05:72775:72917 [1] NCCL INFO AllReduce: opCount f7 sendbuff 0x200283ff3900 recvbuff 0x200283ff3900 count 17504 datatype 7 op 0 root 0 comm 0x200084b90050 [nranks=48] stream 0x200084a19fe0
h36n10:98362:98507 [3] NCCL INFO AllReduce: opCount f8 sendbuff 0x200283ff3900 recvbuff 0x200283ff3900 count 5597604 datatype 7 op 0 root 0 comm 0x200084d16d90 [nranks=48] stream 0x200084bd1b10
h36n10:98370:98501 [5] NCCL INFO AllReduce: opCount f9 sendbuff 0x200283ff3900 recvbuff 0x200283ff3900 count 5597604 datatype 7 op 0 root 0 comm 0x200084c973a0 [nranks=48] stream 0x200084b521b0
h36n10:98362:98507 [3] NCCL INFO AllReduce: opCount fa sendbuff 0x200283ff3900 recvbuff 0x200283ff3900 count 4202948 datatype 7 op 0 root 0 comm 0x200084d16d90 [nranks=48] stream 0x200084bd1b10
h37n05:72774:72920 [0] NCCL INFO AllReduce: opCount fb sendbuff 0x200283ff3900 recvbuff 0x200283ff3900 count 1394656 datatype 7 op 0 root 0 comm 0x200080b90530 [nranks=48] stream 0x200080a1af40
h37n05:72775:72917 [1] NCCL INFO AllReduce: opCount fc sendbuff 0x200283ff3900 recvbuff 0x200283ff3900 count 5514436 datatype 7 op 0 root 0 comm 0x200084b90050 [nranks=48] stream 0x200084a19fe0
h36n10:98364:98499 [2] NCCL INFO AllReduce: opCount fd sendbuff 0x200283ff3900 recvbuff 0x200283ff3900 count 83168 datatype 7 op 0 root 0 comm 0x200084c96db0 [nranks=48] stream 0x200084b51b40
h31n15:12450:12679 [1] NCCL INFO AllReduce: opCount fe sendbuff 0x2002a90b5200 recvbuff 0x2002a90b5200 count 5597604 datatype 7 op 0 root 0 comm 0x200084b90050 [nranks=48] stream 0x200084a19c90
h37n05:72776:72919 [5] NCCL INFO AllReduce: opCount ff sendbuff 0x200283ff3900 recvbuff 0x200283ff3900 count 5597604 datatype 7 op 0 root 0 comm 0x200080b90050 [nranks=48] stream 0x200080a199b0
h31n15:12447:12668 [2] NCCL INFO AllReduce: opCount 100 sendbuff 0x200280005e00 recvbuff 0x200280005700 count 4 datatype 7 op 0 root 0 comm 0x200080b90050 [nranks=48] stream 0x200080a197b0
h36n10:98364:98499 [2] NCCL INFO AllReduce: opCount 101 sendbuff 0x200283ff3900 recvbuff 0x200283ff3900 count 5597600 datatype 7 op 0 root 0 comm 0x200084c96db0 [nranks=48] stream 0x200084b51b40
